Archive member included to satisfy reference by file (symbol)

/usr/lib/gcc/arm-none-eabi/10.3.1/thumb/v6-m/nofp/libgcc.a(_dvmd_tls.o)
                              CMakeFiles/Clock.dir/home/colinenck/CS/repos/Embedded-Software/pico/pico-sdk/src/rp2_common/pico_divider/divider.S.obj (__aeabi_idiv0)
/usr/lib/gcc/arm-none-eabi/10.3.1/../../../arm-none-eabi/lib/thumb/v6-m/nofp/libg.a(lib_a-atexit.o)
                              /usr/lib/gcc/arm-none-eabi/10.3.1/../../../arm-none-eabi/lib/thumb/v6-m/nofp/crt0.o (atexit)
/usr/lib/gcc/arm-none-eabi/10.3.1/../../../arm-none-eabi/lib/thumb/v6-m/nofp/libg.a(lib_a-calloc.o)
                              CMakeFiles/Clock.dir/home/colinenck/CS/repos/Embedded-Software/pico/pico-sdk/src/rp2_common/pico_malloc/pico_malloc.c.obj (calloc)
/usr/lib/gcc/arm-none-eabi/10.3.1/../../../arm-none-eabi/lib/thumb/v6-m/nofp/libg.a(lib_a-callocr.o)
                              /usr/lib/gcc/arm-none-eabi/10.3.1/../../../arm-none-eabi/lib/thumb/v6-m/nofp/libg.a(lib_a-calloc.o) (_calloc_r)
/usr/lib/gcc/arm-none-eabi/10.3.1/../../../arm-none-eabi/lib/thumb/v6-m/nofp/libg.a(lib_a-fini.o)
                              /usr/lib/gcc/arm-none-eabi/10.3.1/../../../arm-none-eabi/lib/thumb/v6-m/nofp/crt0.o (__libc_fini_array)
/usr/lib/gcc/arm-none-eabi/10.3.1/../../../arm-none-eabi/lib/thumb/v6-m/nofp/libg.a(lib_a-impure.o)
                              /usr/lib/gcc/arm-none-eabi/10.3.1/../../../arm-none-eabi/lib/thumb/v6-m/nofp/libg.a(lib_a-calloc.o) (_impure_ptr)
/usr/lib/gcc/arm-none-eabi/10.3.1/../../../arm-none-eabi/lib/thumb/v6-m/nofp/libg.a(lib_a-init.o)
                              /usr/lib/gcc/arm-none-eabi/10.3.1/../../../arm-none-eabi/lib/thumb/v6-m/nofp/crt0.o (__libc_init_array)
/usr/lib/gcc/arm-none-eabi/10.3.1/../../../arm-none-eabi/lib/thumb/v6-m/nofp/libg.a(lib_a-malloc.o)
                              CMakeFiles/Clock.dir/home/colinenck/CS/repos/Embedded-Software/pico/pico-sdk/src/rp2_common/pico_malloc/pico_malloc.c.obj (malloc)
/usr/lib/gcc/arm-none-eabi/10.3.1/../../../arm-none-eabi/lib/thumb/v6-m/nofp/libg.a(lib_a-mallocr.o)
                              /usr/lib/gcc/arm-none-eabi/10.3.1/../../../arm-none-eabi/lib/thumb/v6-m/nofp/libg.a(lib_a-callocr.o) (_malloc_r)
/usr/lib/gcc/arm-none-eabi/10.3.1/../../../arm-none-eabi/lib/thumb/v6-m/nofp/libg.a(lib_a-mlock.o)
                              /usr/lib/gcc/arm-none-eabi/10.3.1/../../../arm-none-eabi/lib/thumb/v6-m/nofp/libg.a(lib_a-mallocr.o) (__malloc_lock)
/usr/lib/gcc/arm-none-eabi/10.3.1/../../../arm-none-eabi/lib/thumb/v6-m/nofp/libg.a(lib_a-realloc.o)
                              CMakeFiles/Clock.dir/home/colinenck/CS/repos/Embedded-Software/pico/pico-sdk/src/rp2_common/pico_malloc/pico_malloc.c.obj (realloc)
/usr/lib/gcc/arm-none-eabi/10.3.1/../../../arm-none-eabi/lib/thumb/v6-m/nofp/libg.a(lib_a-reallocr.o)
                              /usr/lib/gcc/arm-none-eabi/10.3.1/../../../arm-none-eabi/lib/thumb/v6-m/nofp/libg.a(lib_a-realloc.o) (_realloc_r)
/usr/lib/gcc/arm-none-eabi/10.3.1/../../../arm-none-eabi/lib/thumb/v6-m/nofp/libg.a(lib_a-sbrkr.o)
                              /usr/lib/gcc/arm-none-eabi/10.3.1/../../../arm-none-eabi/lib/thumb/v6-m/nofp/libg.a(lib_a-mallocr.o) (_sbrk_r)
/usr/lib/gcc/arm-none-eabi/10.3.1/../../../arm-none-eabi/lib/thumb/v6-m/nofp/libg.a(lib_a-strlen-stub.o)
                              CMakeFiles/Clock.dir/home/colinenck/CS/repos/Embedded-Software/pico/pico-sdk/src/rp2_common/pico_stdio/stdio.c.obj (strlen)
/usr/lib/gcc/arm-none-eabi/10.3.1/../../../arm-none-eabi/lib/thumb/v6-m/nofp/libg.a(lib_a-time.o)
                              CMakeFiles/Clock.dir/Clock.c.obj (time)
/usr/lib/gcc/arm-none-eabi/10.3.1/../../../arm-none-eabi/lib/thumb/v6-m/nofp/libg.a(lib_a-__atexit.o)
                              /usr/lib/gcc/arm-none-eabi/10.3.1/../../../arm-none-eabi/lib/thumb/v6-m/nofp/libg.a(lib_a-atexit.o) (__register_exitproc)
/usr/lib/gcc/arm-none-eabi/10.3.1/../../../arm-none-eabi/lib/thumb/v6-m/nofp/libg.a(lib_a-freer.o)
                              /usr/lib/gcc/arm-none-eabi/10.3.1/../../../arm-none-eabi/lib/thumb/v6-m/nofp/libg.a(lib_a-malloc.o) (_free_r)
/usr/lib/gcc/arm-none-eabi/10.3.1/../../../arm-none-eabi/lib/thumb/v6-m/nofp/libg.a(lib_a-gettimeofdayr.o)
                              /usr/lib/gcc/arm-none-eabi/10.3.1/../../../arm-none-eabi/lib/thumb/v6-m/nofp/libg.a(lib_a-time.o) (_gettimeofday_r)
/usr/lib/gcc/arm-none-eabi/10.3.1/../../../arm-none-eabi/lib/thumb/v6-m/nofp/libg.a(lib_a-memmove.o)
                              /usr/lib/gcc/arm-none-eabi/10.3.1/../../../arm-none-eabi/lib/thumb/v6-m/nofp/libg.a(lib_a-reallocr.o) (memmove)
/usr/lib/gcc/arm-none-eabi/10.3.1/../../../arm-none-eabi/lib/thumb/v6-m/nofp/libg.a(lib_a-reent.o)
                              /usr/lib/gcc/arm-none-eabi/10.3.1/../../../arm-none-eabi/lib/thumb/v6-m/nofp/libg.a(lib_a-sbrkr.o) (errno)

Discarded input sections

[...]
Memory Configuration

Name             Origin             Length             Attributes
FLASH            0x0000000010000000 0x0000000000200000 xr
RAM              0x0000000020000000 0x0000000000040000 xrw
SCRATCH_X        0x0000000020040000 0x0000000000001000 xrw
SCRATCH_Y        0x0000000020041000 0x0000000000001000 xrw
*default*        0x0000000000000000 0xffffffffffffffff

Linker script and memory map

LOAD /usr/lib/gcc/arm-none-eabi/10.3.1/thumb/v6-m/nofp/crti.o
LOAD /usr/lib/gcc/arm-none-eabi/10.3.1/thumb/v6-m/nofp/crtbegin.o
LOAD /usr/lib/gcc/arm-none-eabi/10.3.1/../../../arm-none-eabi/lib/thumb/v6-m/nofp/crt0.o

.flash_begin    0x0000000010000000        0x0
                0x0000000010000000                __flash_binary_start = .

.boot2          0x0000000010000000      0x100
                0x0000000010000000                __boot2_start__ = .
 *(.boot2)
 .boot2         0x0000000010000000      0x100 /tmp/ccsuHx5R.o
                0x0000000010000100                __boot2_end__ = .
                0x0000000000000001                ASSERT (((__boot2_end__ - __boot2_start__) == 0x100), ERROR: Pico second stage bootloader must be 256 bytes in size)

.text           0x0000000010000100     0x4598
                0x0000000010000100                __logical_binary_start = .
 *(.vectors)
 .vectors       0x0000000010000100       0xd4 CMakeFiles/Clock.dir/home/colinenck/CS/repos/Embedded-Software/pico/pico-sdk/src/rp2_common/pico_standard_link/crt0.S.obj
                0x0000000010000100                __vectors
                0x0000000010000100                __VECTOR_TABLE
                0x00000000100001c0                isr_invalid
                0x00000000100001c0                __default_isrs_start
                0x00000000100001c2                isr_nmi
                0x00000000100001c4                isr_hardfault
                0x00000000100001c6                isr_svcall
                0x00000000100001c8                isr_pendsv
                0x00000000100001ca                isr_systick
                0x00000000100001cc                isr_irq30
                0x00000000100001cc                __unhandled_user_irq
                0x00000000100001cc                isr_irq13
                0x00000000100001cc                isr_irq27
                0x00000000100001cc                isr_irq31
                0x00000000100001cc                isr_irq5
                0x00000000100001cc                isr_irq11
                0x00000000100001cc                isr_irq23
                0x00000000100001cc                isr_irq18
                0x00000000100001cc                isr_irq28
                0x00000000100001cc                isr_irq19
                0x00000000100001cc                isr_irq0
                0x00000000100001cc                isr_irq6
                0x00000000100001cc                isr_irq22
                0x00000000100001cc                isr_irq17
                0x00000000100001cc                isr_irq14
                0x00000000100001cc                isr_irq2
                0x00000000100001cc                isr_irq10
                0x00000000100001cc                isr_irq8
                0x00000000100001cc                isr_irq24
                0x00000000100001cc                isr_irq1
                0x00000000100001cc                isr_irq7
                0x00000000100001cc                isr_irq21
                0x00000000100001cc                isr_irq20
                0x00000000100001cc                isr_irq15
                0x00000000100001cc                isr_irq25
                0x00000000100001cc                isr_irq4
                0x00000000100001cc                isr_irq16
                0x00000000100001cc                isr_irq29
                0x00000000100001cc                isr_irq26
                0x00000000100001cc                __default_isrs_end
                0x00000000100001cc                isr_irq3
                0x00000000100001cc                isr_irq12
                0x00000000100001cc                isr_irq9
                0x00000000100001d2                unhandled_user_irq_num_in_r0
 *(.binary_info_header)
 .binary_info_header
                0x00000000100001d4       0x14 CMakeFiles/Clock.dir/home/colinenck/CS/repos/Embedded-Software/pico/pico-sdk/src/rp2_common/pico_standard_link/crt0.S.obj
                0x00000000100001e8                __binary_info_header_end = .
 *(.reset)
 .reset         0x00000000100001e8       0xa0 CMakeFiles/Clock.dir/home/colinenck/CS/repos/Embedded-Software/pico/pico-sdk/src/rp2_common/pico_standard_link/crt0.S.obj
                0x00000000100001e8                _entry_point
 .reset         0x0000000010000288       0x30 CMakeFiles/Clock.dir/home/colinenck/CS/repos/Embedded-Software/pico/pico-sdk/src/rp2_common/pico_standard_link/binary_info.c.obj
 *(.init)
 .init          0x00000000100002b8        0x4 /usr/lib/gcc/arm-none-eabi/10.3.1/thumb/v6-m/nofp/crti.o
                0x00000000100002b8                _init
 *(EXCLUDE_FILE(*libm.a: *libc.a:*lib_a-mem*.o *libgcc.a:) .text*)
 .text          0x00000000100002bc       0x98 /usr/lib/gcc/arm-none-eabi/10.3.1/thumb/v6-m/nofp/crtbegin.o
 .text.turnOff  0x0000000010000354       0x34 CMakeFiles/Clock.dir/Clock.c.obj
                0x0000000010000354                turnOff
 .text.displayNum
                0x0000000010000388      0x160 CMakeFiles/Clock.dir/Clock.c.obj
                0x0000000010000388                displayNum
 .text.main     0x00000000100004e8      0x144 CMakeFiles/Clock.dir/Clock.c.obj
                0x00000000100004e8                main
 .text.gpio_set_function
                0x000000001000062c       0x30 CMakeFiles/Clock.dir/home/colinenck/CS/repos/Embedded-Software/pico/pico-sdk/src/rp2_common/hardware_gpio/gpio.c.obj
                0x000000001000062c                gpio_set_function
 .text.gpio_set_input_enabled
                0x000000001000065c       0x30 CMakeFiles/Clock.dir/home/colinenck/CS/repos/Embedded-Software/pico/pico-sdk/src/rp2_common/hardware_gpio/gpio.c.obj
                0x000000001000065c                gpio_set_input_enabled
 .text.gpio_init
                0x000000001000068c       0x16 CMakeFiles/Clock.dir/home/colinenck/CS/repos/Embedded-Software/pico/pico-sdk/src/rp2_common/hardware_gpio/gpio.c.obj
                0x000000001000068c                gpio_init
 *fill*         0x00000000100006a2        0x2 
 .text.running_on_fpga
                0x00000000100006a4       0x14 CMakeFiles/Clock.dir/home/colinenck/CS/repos/Embedded-Software/pico/pico-sdk/src/rp2_common/pico_platform/platform.c.obj
                0x00000000100006a4                running_on_fpga
 .text.hw_claim_lock
                0x00000000100006b8       0x18 CMakeFiles/Clock.dir/home/colinenck/CS/repos/Embedded-Software/pico/pico-sdk/src/rp2_common/hardware_claim/claim.c.obj
                0x00000000100006b8                hw_claim_lock
 .text.hw_claim_unlock
                0x00000000100006d0       0x14 CMakeFiles/Clock.dir/home/colinenck/CS/repos/Embedded-Software/pico/pico-sdk/src/rp2_common/hardware_claim/claim.c.obj
                0x00000000100006d0                hw_claim_unlock
 .text.hw_claim_or_assert
                0x00000000100006e4       0x32 CMakeFiles/Clock.dir/home/colinenck/CS/repos/Embedded-Software/pico/pico-sdk/src/rp2_common/hardware_claim/claim.c.obj
                0x00000000100006e4                hw_claim_or_assert
 *fill*         0x0000000010000716        0x2 
 .text.spin_locks_reset
                0x0000000010000718       0x20 CMakeFiles/Clock.dir/home/colinenck/CS/repos/Embedded-Software/pico/pico-sdk/src/rp2_common/hardware_sync/sync.c.obj
                0x0000000010000718                spin_locks_reset
 .text.next_striped_spin_lock_num
                0x0000000010000738       0x1c CMakeFiles/Clock.dir/home/colinenck/CS/repos/Embedded-Software/pico/pico-sdk/src/rp2_common/hardware_sync/sync.c.obj
                0x0000000010000738                next_striped_spin_lock_num
 .text.set_raw_irq_handler_and_unlock
                0x0000000010000754       0x28 CMakeFiles/Clock.dir/home/colinenck/CS/repos/Embedded-Software/pico/pico-sdk/src/rp2_common/hardware_irq/irq.c.obj
 .text.make_branch
                0x000000001000077c       0x48 CMakeFiles/Clock.dir/home/colinenck/CS/repos/Embedded-Software/pico/pico-sdk/src/rp2_common/hardware_irq/irq.c.obj
 .text.insert_branch_and_link
                0x00000000100007c4       0x40 CMakeFiles/Clock.dir/home/colinenck/CS/repos/Embedded-Software/pico/pico-sdk/src/rp2_common/hardware_irq/irq.c.obj
 .text.irq_is_enabled
                0x0000000010000804       0x18 CMakeFiles/Clock.dir/home/colinenck/CS/repos/Embedded-Software/pico/pico-sdk/src/rp2_common/hardware_irq/irq.c.obj
                0x0000000010000804                irq_is_enabled
 .text.irq_set_mask_enabled
                0x000000001000081c       0x20 CMakeFiles/Clock.dir/home/colinenck/CS/repos/Embedded-Software/pico/pico-sdk/src/rp2_common/hardware_irq/irq.c.obj
                0x000000001000081c                irq_set_mask_enabled
 .text.irq_set_enabled
                0x000000001000083c        0xe CMakeFiles/Clock.dir/home/colinenck/CS/repos/Embedded-Software/pico/pico-sdk/src/rp2_common/hardware_irq/irq.c.obj
                0x000000001000083c                irq_set_enabled
 *fill*         0x000000001000084a        0x2 
 .text.irq_get_vtable_handler
                0x000000001000084c       0x10 CMakeFiles/Clock.dir/home/colinenck/CS/repos/Embedded-Software/pico/pico-sdk/src/rp2_common/hardware_irq/irq.c.obj
                0x000000001000084c                irq_get_vtable_handler
 .text.irq_set_exclusive_handler
                0x000000001000085c       0x54 CMakeFiles/Clock.dir/home/colinenck/CS/repos/Embedded-Software/pico/pico-sdk/src/rp2_common/hardware_irq/irq.c.obj
                0x000000001000085c                irq_set_exclusive_handler
 .text.irq_remove_handler
                0x00000000100008b0      0x1ac CMakeFiles/Clock.dir/home/colinenck/CS/repos/Embedded-Software/pico/pico-sdk/src/rp2_common/hardware_irq/irq.c.obj
                0x00000000100008b0                irq_remove_handler
 .text.irq_add_tail_to_free_list
                0x0000000010000a5c       0xf0 CMakeFiles/Clock.dir/home/colinenck/CS/repos/Embedded-Software/pico/pico-sdk/src/rp2_common/hardware_irq/irq.c.obj
                0x0000000010000a5c                irq_add_tail_to_free_list
 .text.irq_init_priorities
                0x0000000010000b4c       0x1c CMakeFiles/Clock.dir/home/colinenck/CS/repos/Embedded-Software/pico/pico-sdk/src/rp2_common/hardware_irq/irq.c.obj
                0x0000000010000b4c                irq_init_priorities
 .text.lock_init
                0x0000000010000b68       0x10 CMakeFiles/Clock.dir/home/colinenck/CS/repos/Embedded-Software/pico/pico-sdk/src/common/pico_sync/lock_core.c.obj
                0x0000000010000b68                lock_init
 .text.mutex_init
                0x0000000010000b78       0x1a CMakeFiles/Clock.dir/home/colinenck/CS/repos/Embedded-Software/pico/pico-sdk/src/common/pico_sync/mutex.c.obj
                0x0000000010000b78                mutex_init
 .text.recursive_mutex_init
                0x0000000010000b92       0x1e CMakeFiles/Clock.dir/home/colinenck/CS/repos/Embedded-Software/pico/pico-sdk/src/common/pico_sync/mutex.c.obj
                0x0000000010000b92                recursive_mutex_init
 .text.alarm_pool_post_alloc_init
                0x0000000010000bb0       0x40 CMakeFiles/Clock.dir/home/colinenck/CS/repos/Embedded-Software/pico/pico-sdk/src/common/pico_time/time.c.obj
 .text.sleep_until_callback
                0x0000000010000bf0       0x30 CMakeFiles/Clock.dir/home/colinenck/CS/repos/Embedded-Software/pico/pico-sdk/src/common/pico_time/time.c.obj
 .text.timer_pool_entry_comparator
                0x0000000010000c20       0x7c CMakeFiles/Clock.dir/home/colinenck/CS/repos/Embedded-Software/pico/pico-sdk/src/common/pico_time/time.c.obj
                0x0000000010000c20                timer_pool_entry_comparator
 .text.ph_add_child_node
                0x0000000010000c9c       0xa4 CMakeFiles/Clock.dir/home/colinenck/CS/repos/Embedded-Software/pico/pico-sdk/src/common/pico_time/time.c.obj
 .text.ph_merge_nodes
                0x0000000010000d40       0x3e CMakeFiles/Clock.dir/home/colinenck/CS/repos/Embedded-Software/pico/pico-sdk/src/common/pico_time/time.c.obj
 *fill*         0x0000000010000d7e        0x2 
 .text.add_alarm_under_lock
                0x0000000010000d80      0x174 CMakeFiles/Clock.dir/home/colinenck/CS/repos/Embedded-Software/pico/pico-sdk/src/common/pico_time/time.c.obj
 .text.alarm_pool_alarm_callback
                0x0000000010000ef4      0x33c CMakeFiles/Clock.dir/home/colinenck/CS/repos/Embedded-Software/pico/pico-sdk/src/common/pico_time/time.c.obj
 .text.alarm_pool_init_default
                0x0000000010001230       0x40 CMakeFiles/Clock.dir/home/colinenck/CS/repos/Embedded-Software/pico/pico-sdk/src/common/pico_time/time.c.obj
                0x0000000010001230                alarm_pool_init_default
 .text.alarm_pool_get_default
                0x0000000010001270       0x2c CMakeFiles/Clock.dir/home/colinenck/CS/repos/Embedded-Software/pico/pico-sdk/src/common/pico_time/time.c.obj
                0x0000000010001270                alarm_pool_get_default
 .text.alarm_pool_add_alarm_at
                0x000000001000129c      0x168 CMakeFiles/Clock.dir/home/colinenck/CS/repos/Embedded-Software/pico/pico-sdk/src/common/pico_time/time.c.obj
                0x000000001000129c                alarm_pool_add_alarm_at
 .text.alarm_pool_cancel_alarm
                0x0000000010001404       0xf0 CMakeFiles/Clock.dir/home/colinenck/CS/repos/Embedded-Software/pico/pico-sdk/src/common/pico_time/time.c.obj
                0x0000000010001404                alarm_pool_cancel_alarm
 .text.sleep_until
                0x00000000100014f4       0xfc CMakeFiles/Clock.dir/home/colinenck/CS/repos/Embedded-Software/pico/pico-sdk/src/common/pico_time/time.c.obj
                0x00000000100014f4                sleep_until
 .text.sleep_us
                0x00000000100015f0       0x58 CMakeFiles/Clock.dir/home/colinenck/CS/repos/Embedded-Software/pico/pico-sdk/src/common/pico_time/time.c.obj
                0x00000000100015f0                sleep_us
 .text.sleep_ms
                0x0000000010001648       0x14 CMakeFiles/Clock.dir/home/colinenck/CS/repos/Embedded-Software/pico/pico-sdk/src/common/pico_time/time.c.obj
                0x0000000010001648                sleep_ms
 .text.best_effort_wfe_or_timeout
                0x000000001000165c       0xac CMakeFiles/Clock.dir/home/colinenck/CS/repos/Embedded-Software/pico/pico-sdk/src/common/pico_time/time.c.obj
                0x000000001000165c                best_effort_wfe_or_timeout
 .text.hardware_alarm_irq_handler
                0x0000000010001708       0x90 CMakeFiles/Clock.dir/home/colinenck/CS/repos/Embedded-Software/pico/pico-sdk/src/rp2_common/hardware_timer/timer.c.obj
 .text.hardware_alarm_claim
                0x0000000010001798       0x18 CMakeFiles/Clock.dir/home/colinenck/CS/repos/Embedded-Software/pico/pico-sdk/src/rp2_common/hardware_timer/timer.c.obj
                0x0000000010001798                hardware_alarm_claim
 .text.time_us_64
                0x00000000100017b0       0x18 CMakeFiles/Clock.dir/home/colinenck/CS/repos/Embedded-Software/pico/pico-sdk/src/rp2_common/hardware_timer/timer.c.obj
                0x00000000100017b0                time_us_64
 .text.busy_wait_until
                0x00000000100017c8       0x28 CMakeFiles/Clock.dir/home/colinenck/CS/repos/Embedded-Software/pico/pico-sdk/src/rp2_common/hardware_timer/timer.c.obj
                0x00000000100017c8                busy_wait_until
 .text.hardware_alarm_set_callback
                0x00000000100017f0       0x90 CMakeFiles/Clock.dir/home/colinenck/CS/repos/Embedded-Software/pico/pico-sdk/src/rp2_common/hardware_timer/timer.c.obj
                0x00000000100017f0                hardware_alarm_set_callback
 .text.hardware_alarm_set_target
                0x0000000010001880       0xe8 CMakeFiles/Clock.dir/home/colinenck/CS/repos/Embedded-Software/pico/pico-sdk/src/rp2_common/hardware_timer/timer.c.obj
                0x0000000010001880                hardware_alarm_set_target
 .text.hardware_alarm_cancel
                0x0000000010001968       0x40 CMakeFiles/Clock.dir/home/colinenck/CS/repos/Embedded-Software/pico/pico-sdk/src/rp2_common/hardware_timer/timer.c.obj
                0x0000000010001968                hardware_alarm_cancel
 .text.ph_add_child_node
                0x00000000100019a8       0xa4 CMakeFiles/Clock.dir/home/colinenck/CS/repos/Embedded-Software/pico/pico-sdk/src/common/pico_util/pheap.c.obj
 .text.ph_merge_nodes
                0x0000000010001a4c       0x3e CMakeFiles/Clock.dir/home/colinenck/CS/repos/Embedded-Software/pico/pico-sdk/src/common/pico_util/pheap.c.obj
 *fill*         0x0000000010001a8a        0x2 
 .text.ph_clear
                0x0000000010001a8c       0x70 CMakeFiles/Clock.dir/home/colinenck/CS/repos/Embedded-Software/pico/pico-sdk/src/common/pico_util/pheap.c.obj
                0x0000000010001a8c                ph_clear
 .text.ph_post_alloc_init
                0x0000000010001afc        0xe CMakeFiles/Clock.dir/home/colinenck/CS/repos/Embedded-Software/pico/pico-sdk/src/common/pico_util/pheap.c.obj
                0x0000000010001afc                ph_post_alloc_init
 *fill*         0x0000000010001b0a        0x2 
 .text.ph_merge_two_pass
                0x0000000010001b0c       0xa8 CMakeFiles/Clock.dir/home/colinenck/CS/repos/Embedded-Software/pico/pico-sdk/src/common/pico_util/pheap.c.obj
                0x0000000010001b0c                ph_merge_two_pass
 .text.ph_remove_any_head
                0x0000000010001bb4      0x128 CMakeFiles/Clock.dir/home/colinenck/CS/repos/Embedded-Software/pico/pico-sdk/src/common/pico_util/pheap.c.obj
 .text.ph_remove_head
                0x0000000010001cdc       0x14 CMakeFiles/Clock.dir/home/colinenck/CS/repos/Embedded-Software/pico/pico-sdk/src/common/pico_util/pheap.c.obj
                0x0000000010001cdc                ph_remove_head
 .text.ph_remove_and_free_node
                0x0000000010001cf0       0xf8 CMakeFiles/Clock.dir/home/colinenck/CS/repos/Embedded-Software/pico/pico-sdk/src/common/pico_util/pheap.c.obj
                0x0000000010001cf0                ph_remove_and_free_node
 .text.clock_configure
                0x0000000010001de8      0x104 CMakeFiles/Clock.dir/home/colinenck/CS/repos/Embedded-Software/pico/pico-sdk/src/rp2_common/hardware_clocks/clocks.c.obj
                0x0000000010001de8                clock_configure
 .text.clocks_init
                0x0000000010001eec      0x100 CMakeFiles/Clock.dir/home/colinenck/CS/repos/Embedded-Software/pico/pico-sdk/src/rp2_common/hardware_clocks/clocks.c.obj
                0x0000000010001eec                clocks_init
 .text.pll_init
                0x0000000010001fec      0x12c CMakeFiles/Clock.dir/home/colinenck/CS/repos/Embedded-Software/pico/pico-sdk/src/rp2_common/hardware_pll/pll.c.obj
                0x0000000010001fec                pll_init
 .text.watchdog_start_tick
                0x0000000010002118       0x10 CMakeFiles/Clock.dir/home/colinenck/CS/repos/Embedded-Software/pico/pico-sdk/src/rp2_common/hardware_watchdog/watchdog.c.obj
                0x0000000010002118                watchdog_start_tick
 .text.xosc_init
                0x0000000010002128       0x28 CMakeFiles/Clock.dir/home/colinenck/CS/repos/Embedded-Software/pico/pico-sdk/src/rp2_common/hardware_xosc/xosc.c.obj
                0x0000000010002128                xosc_init
 .text._exit    0x0000000010002150        0x4 CMakeFiles/Clock.dir/home/colinenck/CS/repos/Embedded-Software/pico/pico-sdk/src/rp2_common/pico_runtime/runtime.c.obj
                0x0000000010002150                _exit
 .text.exit     0x0000000010002154        0x6 CMakeFiles/Clock.dir/home/colinenck/CS/repos/Embedded-Software/pico/pico-sdk/src/rp2_common/pico_runtime/runtime.c.obj
                0x0000000010002154                exit
 *fill*         0x000000001000215a        0x2 
 .text.__assert_func
                0x000000001000215c       0x3c CMakeFiles/Clock.dir/home/colinenck/CS/repos/Embedded-Software/pico/pico-sdk/src/rp2_common/pico_runtime/runtime.c.obj
                0x000000001000215c                __assert_func
 .text.runtime_init
                0x0000000010002198       0xf8 CMakeFiles/Clock.dir/home/colinenck/CS/repos/Embedded-Software/pico/pico-sdk/src/rp2_common/pico_runtime/runtime.c.obj
                0x0000000010002198                runtime_init
 .text._gettimeofday
                0x0000000010002290       0x5c CMakeFiles/Clock.dir/home/colinenck/CS/repos/Embedded-Software/pico/pico-sdk/src/rp2_common/pico_runtime/runtime.c.obj
                0x0000000010002290                _gettimeofday
 .text.panic    0x00000000100022ec       0x30 CMakeFiles/Clock.dir/home/colinenck/CS/repos/Embedded-Software/pico/pico-sdk/src/rp2_common/pico_runtime/runtime.c.obj
                0x00000000100022ec                panic
 .text._out_null
                0x000000001000231c        0x2 CMakeFiles/Clock.dir/home/colinenck/CS/repos/Embedded-Software/pico/pico-sdk/src/rp2_common/pico_printf/printf.c.obj
 .text._out_fct
                0x000000001000231e        0xe CMakeFiles/Clock.dir/home/colinenck/CS/repos/Embedded-Software/pico/pico-sdk/src/rp2_common/pico_printf/printf.c.obj
 .text._atoi    0x000000001000232c       0x24 CMakeFiles/Clock.dir/home/colinenck/CS/repos/Embedded-Software/pico/pico-sdk/src/rp2_common/pico_printf/printf.c.obj
 .text._out_rev
                0x0000000010002350       0xae CMakeFiles/Clock.dir/home/colinenck/CS/repos/Embedded-Software/pico/pico-sdk/src/rp2_common/pico_printf/printf.c.obj
 .text._ntoa_format
                0x00000000100023fe      0x112 CMakeFiles/Clock.dir/home/colinenck/CS/repos/Embedded-Software/pico/pico-sdk/src/rp2_common/pico_printf/printf.c.obj
 .text._ntoa_long
                0x0000000010002510       0xbc CMakeFiles/Clock.dir/home/colinenck/CS/repos/Embedded-Software/pico/pico-sdk/src/rp2_common/pico_printf/printf.c.obj
 .text._ntoa_long_long
                0x00000000100025cc       0xe2 CMakeFiles/Clock.dir/home/colinenck/CS/repos/Embedded-Software/pico/pico-sdk/src/rp2_common/pico_printf/printf.c.obj
 *fill*         0x00000000100026ae        0x2 
 .text._etoa    0x00000000100026b0      0x414 CMakeFiles/Clock.dir/home/colinenck/CS/repos/Embedded-Software/pico/pico-sdk/src/rp2_common/pico_printf/printf.c.obj
 .text._ftoa    0x0000000010002ac4      0x354 CMakeFiles/Clock.dir/home/colinenck/CS/repos/Embedded-Software/pico/pico-sdk/src/rp2_common/pico_printf/printf.c.obj
 .text._vsnprintf
                0x0000000010002e18      0x624 CMakeFiles/Clock.dir/home/colinenck/CS/repos/Embedded-Software/pico/pico-sdk/src/rp2_common/pico_printf/printf.c.obj
 .text.vfctprintf
                0x000000001000343c       0x20 CMakeFiles/Clock.dir/home/colinenck/CS/repos/Embedded-Software/pico/pico-sdk/src/rp2_common/pico_printf/printf.c.obj
                0x000000001000343c                vfctprintf
 .text          0x000000001000345c       0x10 CMakeFiles/Clock.dir/home/colinenck/CS/repos/Embedded-Software/pico/pico-sdk/src/rp2_common/pico_bit_ops/bit_ops_aeabi.S.obj
 .text.rom_func_lookup
                0x000000001000346c       0x10 CMakeFiles/Clock.dir/home/colinenck/CS/repos/Embedded-Software/pico/pico-sdk/src/rp2_common/pico_bootrom/bootrom.c.obj
                0x000000001000346c                rom_func_lookup
 .text.rom_data_lookup
                0x000000001000347c       0x10 CMakeFiles/Clock.dir/home/colinenck/CS/repos/Embedded-Software/pico/pico-sdk/src/rp2_common/pico_bootrom/bootrom.c.obj
                0x000000001000347c                rom_data_lookup
 .text.rom_funcs_lookup
                0x000000001000348c       0x36 CMakeFiles/Clock.dir/home/colinenck/CS/repos/Embedded-Software/pico/pico-sdk/src/rp2_common/pico_bootrom/bootrom.c.obj
                0x000000001000348c                rom_funcs_lookup
 *fill*         0x00000000100034c2        0x2 
 .text.__wrap___aeabi_idiv
                0x00000000100034c4       0x50 CMakeFiles/Clock.dir/home/colinenck/CS/repos/Embedded-Software/pico/pico-sdk/src/rp2_common/pico_divider/divider.S.obj
                0x00000000100034c4                __wrap___aeabi_idivmod
                0x00000000100034c4                divmod_s32s32
                0x00000000100034c4                div_s32s32
                0x00000000100034c4                __wrap___aeabi_idiv
                0x00000000100034cc                divmod_s32s32_unsafe
                0x00000000100034f8                divmod_s32s32_savestate
 .text.__wrap___aeabi_uidiv
                0x0000000010003514       0x4c CMakeFiles/Clock.dir/home/colinenck/CS/repos/Embedded-Software/pico/pico-sdk/src/rp2_common/pico_divider/divider.S.obj
                0x0000000010003514                __wrap___aeabi_uidiv
                0x0000000010003514                __wrap___aeabi_uidivmod
                0x0000000010003514                div_u32u32
                0x0000000010003514                divmod_u32u32
                0x000000001000351c                divmod_u32u32_unsafe
                0x0000000010003544                divmod_u32u32_savestate
 .text.__wrap___aeabi_ldiv
                0x0000000010003560      0x424 CMakeFiles/Clock.dir/home/colinenck/CS/repos/Embedded-Software/pico/pico-sdk/src/rp2_common/pico_divider/divider.S.obj
                0x0000000010003560                div_s64s64
                0x0000000010003560                divmod_s64s64
                0x0000000010003560                __wrap___aeabi_ldivmod
                0x0000000010003590                div_u64u64
                0x0000000010003590                divmod_u64u64
                0x0000000010003590                __wrap___aeabi_uldivmod
                0x00000000100035a0                divmod_u64u64_savestate
                0x00000000100035c0                divmod_s64s64_unsafe
                0x0000000010003648                divmod_u64u64_unsafe
 .text.__wrap___aeabi_darithmetic
                0x0000000010003984       0x80 CMakeFiles/Clock.dir/home/colinenck/CS/repos/Embedded-Software/pico/pico-sdk/src/rp2_common/pico_double/double_aeabi.S.obj
                0x0000000010003984                __wrap___aeabi_drsub
                0x000000001000398a                __wrap___aeabi_dsub
                0x000000001000399c                __wrap___aeabi_dadd
                0x00000000100039ae                __wrap___aeabi_ddiv
                0x00000000100039ea                __wrap___aeabi_dmul
 .text.__wrap___aeabi_cdcmple
                0x0000000010003a04       0x6c CMakeFiles/Clock.dir/home/colinenck/CS/repos/Embedded-Software/pico/pico-sdk/src/rp2_common/pico_double/double_aeabi.S.obj
                0x0000000010003a04                __wrap___aeabi_cdrcmple
                0x0000000010003a14                __wrap___aeabi_cdcmple
                0x0000000010003a14                __wrap___aeabi_cdcmpeq
 .text.__wrap___aeabi_dcmplt
                0x0000000010003a70        0xc CMakeFiles/Clock.dir/home/colinenck/CS/repos/Embedded-Software/pico/pico-sdk/src/rp2_common/pico_double/double_aeabi.S.obj
                0x0000000010003a70                __wrap___aeabi_dcmplt
 .text.__wrap___aeabi_dcmple
                0x0000000010003a7c       0x10 CMakeFiles/Clock.dir/home/colinenck/CS/repos/Embedded-Software/pico/pico-sdk/src/rp2_common/pico_double/double_aeabi.S.obj
                0x0000000010003a7c                __wrap___aeabi_dcmple
 .text.__wrap___aeabi_dcmpge
                0x0000000010003a8c       0x10 CMakeFiles/Clock.dir/home/colinenck/CS/repos/Embedded-Software/pico/pico-sdk/src/rp2_common/pico_double/double_aeabi.S.obj
                0x0000000010003a8c                __wrap___aeabi_dcmpge
 .text.__wrap___aeabi_dcmpgt
                0x0000000010003a9c        0xa CMakeFiles/Clock.dir/home/colinenck/CS/repos/Embedded-Software/pico/pico-sdk/src/rp2_common/pico_double/double_aeabi.S.obj
                0x0000000010003a9c                __wrap___aeabi_dcmpgt
 .text.__wrap___aeabi_dcmpun
                0x0000000010003aa6       0x1c CMakeFiles/Clock.dir/home/colinenck/CS/repos/Embedded-Software/pico/pico-sdk/src/rp2_common/pico_double/double_aeabi.S.obj
                0x0000000010003aa6                __wrap___aeabi_dcmpun
 *fill*         0x0000000010003ac2        0x2 
 .text.__wrap___aeabi_i2d
                0x0000000010003ac4       0x38 CMakeFiles/Clock.dir/home/colinenck/CS/repos/Embedded-Software/pico/pico-sdk/src/rp2_common/pico_double/double_aeabi.S.obj
                0x0000000010003ac4                __wrap___aeabi_ui2d
                0x0000000010003acc                __wrap___aeabi_i2d
 .text.__wrap___aeabi_d2iz
                0x0000000010003afc       0x48 CMakeFiles/Clock.dir/home/colinenck/CS/repos/Embedded-Software/pico/pico-sdk/src/rp2_common/pico_double/double_aeabi.S.obj
                0x0000000010003afc                __wrap___aeabi_d2iz
                0x0000000010003afc                double2int_z
 .text.__wrap___aeabi_d2uiz
                0x0000000010003b44       0x18 CMakeFiles/Clock.dir/home/colinenck/CS/repos/Embedded-Software/pico/pico-sdk/src/rp2_common/pico_double/double_aeabi.S.obj
                0x0000000010003b44                double2uint
                0x0000000010003b44                __wrap___aeabi_d2uiz
 .text.__aeabi_double_init
                0x0000000010003b5c       0xc8 CMakeFiles/Clock.dir/home/colinenck/CS/repos/Embedded-Software/pico/pico-sdk/src/rp2_common/pico_double/double_init_rom.c.obj
                0x0000000010003b5c                __aeabi_double_init
 .text.double_table_shim_on_use_helper
                0x0000000010003c24       0x34 CMakeFiles/Clock.dir/home/colinenck/CS/repos/Embedded-Software/pico/pico-sdk/src/rp2_common/pico_double/double_v1_rom_shim.S.obj
                0x0000000010003c24                double_table_shim_on_use_helper
 .text.__wrap___aeabi_dsub
                0x0000000010003c58       0x10 CMakeFiles/Clock.dir/home/colinenck/CS/repos/Embedded-Software/pico/pico-sdk/src/rp2_common/pico_double/double_v1_rom_shim.S.obj
                0x0000000010003c58                drsub_shim
                0x0000000010003c5e                dsub_shim
 .text.dadd_shim
                0x0000000010003c68      0x15c CMakeFiles/Clock.dir/home/colinenck/CS/repos/Embedded-Software/pico/pico-sdk/src/rp2_common/pico_double/double_v1_rom_shim.S.obj
                0x0000000010003c68                dadd_shim
 .text.dmul_shim
                0x0000000010003dc4      0x15c CMakeFiles/Clock.dir/home/colinenck/CS/repos/Embedded-Software/pico/pico-sdk/src/rp2_common/pico_double/double_v1_rom_shim.S.obj
                0x0000000010003dc4                dmul_shim
 .text.ddiv_shim
                0x0000000010003f20      0x1b0 CMakeFiles/Clock.dir/home/colinenck/CS/repos/Embedded-Software/pico/pico-sdk/src/rp2_common/pico_double/double_v1_rom_shim.S.obj
                0x0000000010003f20                ddiv_shim
 .text.double2uint_shim
                0x00000000100040d0        0xe CMakeFiles/Clock.dir/home/colinenck/CS/repos/Embedded-Software/pico/pico-sdk/src/rp2_common/pico_double/double_v1_rom_shim.S.obj
                0x00000000100040d0                double2uint_shim
                0x00000000100040d2                double2ufix_shim
 *fill*         0x00000000100040de        0x2 
 .text.double2uint64_shim
                0x00000000100040e0       0x70 CMakeFiles/Clock.dir/home/colinenck/CS/repos/Embedded-Software/pico/pico-sdk/src/rp2_common/pico_double/double_v1_rom_shim.S.obj
                0x00000000100040e0                double2uint64_shim
                0x00000000100040e2                double2ufix64_shim
                0x0000000010004102                d2fix_a
 .text.dunpacks
                0x0000000010004150       0x3c CMakeFiles/Clock.dir/home/colinenck/CS/repos/Embedded-Software/pico/pico-sdk/src/rp2_common/pico_double/double_v1_rom_shim.S.obj
                0x0000000010004150                dunpacks
 .text.__aeabi_lmul
                0x000000001000418c       0x32 CMakeFiles/Clock.dir/home/colinenck/CS/repos/Embedded-Software/pico/pico-sdk/src/rp2_common/pico_int64_ops/pico_int64_ops_aeabi.S.obj
                0x000000001000418c                __wrap___aeabi_lmul
 *fill*         0x00000000100041be        0x2 
 .text.__aeabi_float_init
                0x00000000100041c0       0xfc CMakeFiles/Clock.dir/home/colinenck/CS/repos/Embedded-Software/pico/pico-sdk/src/rp2_common/pico_float/float_init_rom.c.obj
                0x00000000100041c0                __aeabi_float_init
 .text.float_table_shim_on_use_helper
                0x00000000100042bc       0x34 CMakeFiles/Clock.dir/home/colinenck/CS/repos/Embedded-Software/pico/pico-sdk/src/rp2_common/pico_float/float_v1_rom_shim.S.obj
                0x00000000100042bc                float_table_shim_on_use_helper
 .text          0x00000000100042f0       0x10 CMakeFiles/Clock.dir/home/colinenck/CS/repos/Embedded-Software/pico/pico-sdk/src/rp2_common/pico_mem_ops/mem_ops_aeabi.S.obj
                0x00000000100042f0                __aeabi_mem_init
 .text.memcpy   0x0000000010004300        0xc CMakeFiles/Clock.dir/home/colinenck/CS/repos/Embedded-Software/pico/pico-sdk/src/rp2_common/pico_mem_ops/mem_ops_aeabi.S.obj
                0x0000000010004300                __wrap___aeabi_memcpy
                0x0000000010004300                __wrap_memcpy
 .text.stdio_out_chars_no_crlf
                0x000000001000430c        0xe CMakeFiles/Clock.dir/home/colinenck/CS/repos/Embedded-Software/pico/pico-sdk/src/rp2_common/pico_stdio/stdio.c.obj
 *fill*         0x000000001000431a        0x2 
 .text.stdio_out_chars_crlf
                0x000000001000431c       0x80 CMakeFiles/Clock.dir/home/colinenck/CS/repos/Embedded-Software/pico/pico-sdk/src/rp2_common/pico_stdio/stdio.c.obj
 .text.stdio_stack_buffer_flush
                0x000000001000439c       0x44 CMakeFiles/Clock.dir/home/colinenck/CS/repos/Embedded-Software/pico/pico-sdk/src/rp2_common/pico_stdio/stdio.c.obj
 .text.stdio_buffered_printer
                0x00000000100043e0       0x20 CMakeFiles/Clock.dir/home/colinenck/CS/repos/Embedded-Software/pico/pico-sdk/src/rp2_common/pico_stdio/stdio.c.obj
 .text.stdout_serialize_begin
                0x0000000010004400       0x5c CMakeFiles/Clock.dir/home/colinenck/CS/repos/Embedded-Software/pico/pico-sdk/src/rp2_common/pico_stdio/stdio.c.obj
                0x0000000010004400                stdout_serialize_begin
 .text.stdout_serialize_end
                0x000000001000445c       0x10 CMakeFiles/Clock.dir/home/colinenck/CS/repos/Embedded-Software/pico/pico-sdk/src/rp2_common/pico_stdio/stdio.c.obj
                0x000000001000445c                stdout_serialize_end
 .text.stdio_put_string
                0x000000001000446c       0x98 CMakeFiles/Clock.dir/home/colinenck/CS/repos/Embedded-Software/pico/pico-sdk/src/rp2_common/pico_stdio/stdio.c.obj
 .text.stdio_flush
                0x0000000010004504       0x20 CMakeFiles/Clock.dir/home/colinenck/CS/repos/Embedded-Software/pico/pico-sdk/src/rp2_common/pico_stdio/stdio.c.obj
                0x0000000010004504                stdio_flush
 .text.__wrap_puts
                0x0000000010004524       0x1e CMakeFiles/Clock.dir/home/colinenck/CS/repos/Embedded-Software/pico/pico-sdk/src/rp2_common/pico_stdio/stdio.c.obj
                0x0000000010004524                __wrap_puts
 *fill*         0x0000000010004542        0x2 
 .text.__wrap_vprintf
                0x0000000010004544       0x40 CMakeFiles/Clock.dir/home/colinenck/CS/repos/Embedded-Software/pico/pico-sdk/src/rp2_common/pico_stdio/stdio.c.obj
                0x0000000010004544                __wrap_vprintf
 .text.__wrap_printf
                0x0000000010004584       0x18 CMakeFiles/Clock.dir/home/colinenck/CS/repos/Embedded-Software/pico/pico-sdk/src/rp2_common/pico_stdio/stdio.c.obj
                0x0000000010004584                __wrap_printf
 .text          0x000000001000459c       0x5c /usr/lib/gcc/arm-none-eabi/10.3.1/../../../arm-none-eabi/lib/thumb/v6-m/nofp/libg.a(lib_a-strlen-stub.o)
                0x000000001000459c                strlen
 .text          0x00000000100045f8       0x34 /usr/lib/gcc/arm-none-eabi/10.3.1/../../../arm-none-eabi/lib/thumb/v6-m/nofp/libg.a(lib_a-time.o)
                0x00000000100045f8                time
 .text          0x000000001000462c       0x28 /usr/lib/gcc/arm-none-eabi/10.3.1/../../../arm-none-eabi/lib/thumb/v6-m/nofp/libg.a(lib_a-gettimeofdayr.o)
                0x000000001000462c                _gettimeofday_r
 *(.fini)
 .fini          0x0000000010004654        0x4 /usr/lib/gcc/arm-none-eabi/10.3.1/thumb/v6-m/nofp/crti.o
                0x0000000010004654                _fini
 .fini.__stub   0x0000000010004658       0x40 linker stubs
 *crtbegin.o(.ctors)
 *crtbegin?.o(.ctors)
 *(EXCLUDE_FILE(*crtend.o *crtend?.o) .ctors)
 *(SORT_BY_NAME(.ctors.*))
 *(.ctors)
 *crtbegin.o(.dtors)
 *crtbegin?.o(.dtors)
 *(EXCLUDE_FILE(*crtend.o *crtend?.o) .dtors)
 *(SORT_BY_NAME(.dtors.*))
 *(.dtors)
 *(.eh_frame*)
 .eh_frame      0x0000000010004698        0x0 /usr/lib/gcc/arm-none-eabi/10.3.1/thumb/v6-m/nofp/crtbegin.o
                0x0000000010004698                . = ALIGN (0x4)

.glue_7         0x0000000010004698        0x0
 .glue_7        0x0000000010004698        0x0 linker stubs

.glue_7t        0x0000000010004698        0x0
 .glue_7t       0x0000000010004698        0x0 linker stubs

.vfp11_veneer   0x0000000010004698        0x0
 .vfp11_veneer  0x0000000010004698        0x0 linker stubs

.v4_bx          0x0000000010004698        0x0
 .v4_bx         0x0000000010004698        0x0 linker stubs

.iplt           0x0000000010004698        0x0
 .iplt          0x0000000010004698        0x0 /usr/lib/gcc/arm-none-eabi/10.3.1/thumb/v6-m/nofp/crtbegin.o

.rodata         0x0000000010004698     0x10d4
 *(EXCLUDE_FILE(*libm.a: *libc.a:*lib_a-mem*.o *libgcc.a:) .rodata*)
 .rodata.displayNum
                0x0000000010004698       0x28 CMakeFiles/Clock.dir/Clock.c.obj
 .rodata        0x00000000100046c0       0x2c CMakeFiles/Clock.dir/Clock.c.obj
 .rodata.make_branch.str1.4
                0x00000000100046ec       0x8b CMakeFiles/Clock.dir/home/colinenck/CS/repos/Embedded-Software/pico/pico-sdk/src/rp2_common/hardware_irq/irq.c.obj
 *fill*         0x0000000010004777        0x1 
 .rodata.insert_branch_and_link.str1.4
                0x0000000010004778       0x10 CMakeFiles/Clock.dir/home/colinenck/CS/repos/Embedded-Software/pico/pico-sdk/src/rp2_common/hardware_irq/irq.c.obj
 .rodata.irq_set_exclusive_handler.str1.4
                0x0000000010004788       0x36 CMakeFiles/Clock.dir/home/colinenck/CS/repos/Embedded-Software/pico/pico-sdk/src/rp2_common/hardware_irq/irq.c.obj
 *fill*         0x00000000100047be        0x2 
 .rodata.irq_add_shared_handler.str1.4
                0x00000000100047c0       0xd9 CMakeFiles/Clock.dir/home/colinenck/CS/repos/Embedded-Software/pico/pico-sdk/src/rp2_common/hardware_irq/irq.c.obj
 *fill*         0x0000000010004899        0x3 
 .rodata.irq_remove_handler.str1.4
                0x000000001000489c       0x3a CMakeFiles/Clock.dir/home/colinenck/CS/repos/Embedded-Software/pico/pico-sdk/src/rp2_common/hardware_irq/irq.c.obj
 *fill*         0x00000000100048d6        0x2 
 .rodata.irq_add_tail_to_free_list.str1.4
                0x00000000100048d8       0x3a CMakeFiles/Clock.dir/home/colinenck/CS/repos/Embedded-Software/pico/pico-sdk/src/rp2_common/hardware_irq/irq.c.obj
 *fill*         0x0000000010004912        0x2 
 .rodata.__func__.0
                0x0000000010004914       0x1a CMakeFiles/Clock.dir/home/colinenck/CS/repos/Embedded-Software/pico/pico-sdk/src/rp2_common/hardware_irq/irq.c.obj
 *fill*         0x000000001000492e        0x2 
 .rodata.__func__.1
                0x0000000010004930       0x17 CMakeFiles/Clock.dir/home/colinenck/CS/repos/Embedded-Software/pico/pico-sdk/src/rp2_common/hardware_irq/irq.c.obj
 *fill*         0x0000000010004947        0x1 
 .rodata.__func__.2
                0x0000000010004948       0x13 CMakeFiles/Clock.dir/home/colinenck/CS/repos/Embedded-Software/pico/pico-sdk/src/rp2_common/hardware_irq/irq.c.obj
 *fill*         0x000000001000495b        0x1 
 .rodata.__func__.3
                0x000000001000495c        0xc CMakeFiles/Clock.dir/home/colinenck/CS/repos/Embedded-Software/pico/pico-sdk/src/rp2_common/hardware_irq/irq.c.obj
 .rodata.__func__.4
                0x0000000010004968        0xf CMakeFiles/Clock.dir/home/colinenck/CS/repos/Embedded-Software/pico/pico-sdk/src/rp2_common/hardware_irq/irq.c.obj
 *fill*         0x0000000010004977        0x1 
 .rodata.__func__.6
                0x0000000010004978       0x1a CMakeFiles/Clock.dir/home/colinenck/CS/repos/Embedded-Software/pico/pico-sdk/src/rp2_common/hardware_irq/irq.c.obj
 *fill*         0x0000000010004992        0x2 
 .rodata.str1.4
                0x0000000010004994      0x129 CMakeFiles/Clock.dir/home/colinenck/CS/repos/Embedded-Software/pico/pico-sdk/src/common/pico_sync/mutex.c.obj
 *fill*         0x0000000010004abd        0x3 
 .rodata.__func__.1
                0x0000000010004ac0        0xb CMakeFiles/Clock.dir/home/colinenck/CS/repos/Embedded-Software/pico/pico-sdk/src/common/pico_sync/mutex.c.obj
 *fill*         0x0000000010004acb        0x1 
 .rodata.__func__.3
                0x0000000010004acc       0x18 CMakeFiles/Clock.dir/home/colinenck/CS/repos/Embedded-Software/pico/pico-sdk/src/common/pico_sync/mutex.c.obj
 .rodata.repeating_timer_callback.str1.4
                0x0000000010004ae4       0x69 CMakeFiles/Clock.dir/home/colinenck/CS/repos/Embedded-Software/pico/pico-sdk/src/common/pico_time/time.c.obj
 *fill*         0x0000000010004b4d        0x3 
 .rodata.timer_pool_entry_comparator.str1.4
                0x0000000010004b50       0x22 CMakeFiles/Clock.dir/home/colinenck/CS/repos/Embedded-Software/pico/pico-sdk/src/common/pico_time/time.c.obj
 *fill*         0x0000000010004b72        0x2 
 .rodata.ph_add_child_node.str1.4
                0x0000000010004b74       0xb2 CMakeFiles/Clock.dir/home/colinenck/CS/repos/Embedded-Software/pico/pico-sdk/src/common/pico_time/time.c.obj
 *fill*         0x0000000010004c26        0x2 
 .rodata.add_alarm_under_lock.str1.4
                0x0000000010004c28       0x28 CMakeFiles/Clock.dir/home/colinenck/CS/repos/Embedded-Software/pico/pico-sdk/src/common/pico_time/time.c.obj
                                         0x2b (size before relaxing)
 .rodata.alarm_pool_alarm_callback.str1.4
                0x0000000010004c50       0x98 CMakeFiles/Clock.dir/home/colinenck/CS/repos/Embedded-Software/pico/pico-sdk/src/common/pico_time/time.c.obj
                                        0x118 (size before relaxing)
 .rodata.alarm_pool_get_default.str1.4
                0x0000000010004ce8       0x21 CMakeFiles/Clock.dir/home/colinenck/CS/repos/Embedded-Software/pico/pico-sdk/src/common/pico_time/time.c.obj
 *fill*         0x0000000010004d09        0x3 
 .rodata.alarm_pool_cancel_alarm.str1.4
                0x0000000010004d0c       0x27 CMakeFiles/Clock.dir/home/colinenck/CS/repos/Embedded-Software/pico/pico-sdk/src/common/pico_time/time.c.obj
 *fill*         0x0000000010004d33        0x1 
 .rodata.sleep_until.str1.4
                0x0000000010004d34       0x4d CMakeFiles/Clock.dir/home/colinenck/CS/repos/Embedded-Software/pico/pico-sdk/src/common/pico_time/time.c.obj
 *fill*         0x0000000010004d81        0x3 
 .rodata.__func__.1
                0x0000000010004d84       0x18 CMakeFiles/Clock.dir/home/colinenck/CS/repos/Embedded-Software/pico/pico-sdk/src/common/pico_time/time.c.obj
 .rodata.__func__.10
                0x0000000010004d9c       0x15 CMakeFiles/Clock.dir/home/colinenck/CS/repos/Embedded-Software/pico/pico-sdk/src/common/pico_time/time.c.obj
 *fill*         0x0000000010004db1        0x3 
 .rodata.__func__.11
                0x0000000010004db4       0x1a CMakeFiles/Clock.dir/home/colinenck/CS/repos/Embedded-Software/pico/pico-sdk/src/common/pico_time/time.c.obj
 *fill*         0x0000000010004dce        0x2 
 .rodata.__func__.12
                0x0000000010004dd0        0xa CMakeFiles/Clock.dir/home/colinenck/CS/repos/Embedded-Software/pico/pico-sdk/src/common/pico_time/time.c.obj
 *fill*         0x0000000010004dda        0x2 
 .rodata.__func__.3
                0x0000000010004ddc       0x17 CMakeFiles/Clock.dir/home/colinenck/CS/repos/Embedded-Software/pico/pico-sdk/src/common/pico_time/time.c.obj
 *fill*         0x0000000010004df3        0x1 
 .rodata.__func__.4
                0x0000000010004df4       0x12 CMakeFiles/Clock.dir/home/colinenck/CS/repos/Embedded-Software/pico/pico-sdk/src/common/pico_time/time.c.obj
 *fill*         0x0000000010004e06        0x2 
 .rodata.__func__.5
                0x0000000010004e08        0xd CMakeFiles/Clock.dir/home/colinenck/CS/repos/Embedded-Software/pico/pico-sdk/src/common/pico_time/time.c.obj
 *fill*         0x0000000010004e15        0x3 
 .rodata.__func__.6
                0x0000000010004e18       0x12 CMakeFiles/Clock.dir/home/colinenck/CS/repos/Embedded-Software/pico/pico-sdk/src/common/pico_time/time.c.obj
 *fill*         0x0000000010004e2a        0x2 
 .rodata.__func__.7
                0x0000000010004e2c        0xf CMakeFiles/Clock.dir/home/colinenck/CS/repos/Embedded-Software/pico/pico-sdk/src/common/pico_time/time.c.obj
 *fill*         0x0000000010004e3b        0x1 
 .rodata.__func__.8
                0x0000000010004e3c        0xc CMakeFiles/Clock.dir/home/colinenck/CS/repos/Embedded-Software/pico/pico-sdk/src/common/pico_time/time.c.obj
 .rodata.__func__.9
                0x0000000010004e48       0x15 CMakeFiles/Clock.dir/home/colinenck/CS/repos/Embedded-Software/pico/pico-sdk/src/common/pico_time/time.c.obj
 *fill*         0x0000000010004e5d        0x3 
 .rodata.hardware_alarm_claim.str1.4
                0x0000000010004e60       0x22 CMakeFiles/Clock.dir/home/colinenck/CS/repos/Embedded-Software/pico/pico-sdk/src/rp2_common/hardware_timer/timer.c.obj
 *fill*         0x0000000010004e82        0x2 
 .rodata.hardware_alarm_set_target.str1.4
                0x0000000010004e84       0x83 CMakeFiles/Clock.dir/home/colinenck/CS/repos/Embedded-Software/pico/pico-sdk/src/rp2_common/hardware_timer/timer.c.obj
 *fill*         0x0000000010004f07        0x1 
 .rodata.__func__.0
                0x0000000010004f08       0x1a CMakeFiles/Clock.dir/home/colinenck/CS/repos/Embedded-Software/pico/pico-sdk/src/rp2_common/hardware_timer/timer.c.obj
 .rodata.ph_add_child_node.str1.4
                0x0000000010004f22       0xb2 CMakeFiles/Clock.dir/home/colinenck/CS/repos/Embedded-Software/pico/pico-sdk/src/common/pico_util/pheap.c.obj
 *fill*         0x0000000010004f22        0x2 
 .rodata.ph_remove_any_head.str1.4
                0x0000000010004f24       0xac CMakeFiles/Clock.dir/home/colinenck/CS/repos/Embedded-Software/pico/pico-sdk/src/common/pico_util/pheap.c.obj
                                         0xc0 (size before relaxing)
 .rodata.ph_remove_and_free_node.str1.4
                0x0000000010004fd0       0x1e CMakeFiles/Clock.dir/home/colinenck/CS/repos/Embedded-Software/pico/pico-sdk/src/common/pico_util/pheap.c.obj
                                         0x26 (size before relaxing)
 *fill*         0x0000000010004fee        0x2 
 .rodata.__func__.0
                0x0000000010004ff0       0x18 CMakeFiles/Clock.dir/home/colinenck/CS/repos/Embedded-Software/pico/pico-sdk/src/common/pico_util/pheap.c.obj
 .rodata.__func__.1
                0x0000000010005008       0x13 CMakeFiles/Clock.dir/home/colinenck/CS/repos/Embedded-Software/pico/pico-sdk/src/common/pico_util/pheap.c.obj
 *fill*         0x000000001000501b        0x1 
 .rodata.__func__.2
                0x000000001000501c       0x12 CMakeFiles/Clock.dir/home/colinenck/CS/repos/Embedded-Software/pico/pico-sdk/src/common/pico_util/pheap.c.obj
 *fill*         0x000000001000502e        0x2 
 .rodata.__func__.3
                0x0000000010005030        0xc CMakeFiles/Clock.dir/home/colinenck/CS/repos/Embedded-Software/pico/pico-sdk/src/common/pico_util/pheap.c.obj
 .rodata.clock_configure.str1.4
                0x000000001000503c       0x75 CMakeFiles/Clock.dir/home/colinenck/CS/repos/Embedded-Software/pico/pico-sdk/src/rp2_common/hardware_clocks/clocks.c.obj
 *fill*         0x00000000100050b1        0x3 
 .rodata.__func__.1
                0x00000000100050b4       0x10 CMakeFiles/Clock.dir/home/colinenck/CS/repos/Embedded-Software/pico/pico-sdk/src/rp2_common/hardware_clocks/clocks.c.obj
 .rodata.pll_init.str1.4
                0x00000000100050c4      0x13f CMakeFiles/Clock.dir/home/colinenck/CS/repos/Embedded-Software/pico/pico-sdk/src/rp2_common/hardware_pll/pll.c.obj
 *fill*         0x0000000010005203        0x1 
 .rodata.__func__.0
                0x0000000010005204        0x9 CMakeFiles/Clock.dir/home/colinenck/CS/repos/Embedded-Software/pico/pico-sdk/src/rp2_common/hardware_pll/pll.c.obj
 *fill*         0x000000001000520d        0x3 
 .rodata.__assert_func.str1.4
                0x0000000010005210       0x3f CMakeFiles/Clock.dir/home/colinenck/CS/repos/Embedded-Software/pico/pico-sdk/src/rp2_common/pico_runtime/runtime.c.obj
                                         0x43 (size before relaxing)
 *fill*         0x000000001000524f        0x1 
 .rodata.runtime_init.str1.4
                0x0000000010005250       0x7f CMakeFiles/Clock.dir/home/colinenck/CS/repos/Embedded-Software/pico/pico-sdk/src/rp2_common/pico_runtime/runtime.c.obj
 .rodata._gettimeofday.str1.4
                0x00000000100052cf       0x7f CMakeFiles/Clock.dir/home/colinenck/CS/repos/Embedded-Software/pico/pico-sdk/src/rp2_common/pico_runtime/runtime.c.obj
 *fill*         0x00000000100052cf        0x1 
 .rodata.panic.str1.4
                0x00000000100052d0       0x12 CMakeFiles/Clock.dir/home/colinenck/CS/repos/Embedded-Software/pico/pico-sdk/src/rp2_common/pico_runtime/runtime.c.obj
 *fill*         0x00000000100052e2        0x2 
 .rodata.__func__.0
                0x00000000100052e4       0x15 CMakeFiles/Clock.dir/home/colinenck/CS/repos/Embedded-Software/pico/pico-sdk/src/rp2_common/pico_runtime/runtime.c.obj
 *fill*         0x00000000100052f9        0x3 
 .rodata.__func__.2
                0x00000000100052fc        0xd CMakeFiles/Clock.dir/home/colinenck/CS/repos/Embedded-Software/pico/pico-sdk/src/rp2_common/pico_runtime/runtime.c.obj
 *fill*         0x0000000010005309        0x3 
 .rodata._ftoa.str1.4
                0x000000001000530c       0x15 CMakeFiles/Clock.dir/home/colinenck/CS/repos/Embedded-Software/pico/pico-sdk/src/rp2_common/pico_printf/printf.c.obj
 *fill*         0x0000000010005321        0x3 
 .rodata._vsnprintf
                0x0000000010005324      0x1e0 CMakeFiles/Clock.dir/home/colinenck/CS/repos/Embedded-Software/pico/pico-sdk/src/rp2_common/pico_printf/printf.c.obj
 *fill*         0x0000000010005504        0x4 
 .rodata.pow10.0
                0x0000000010005508       0x50 CMakeFiles/Clock.dir/home/colinenck/CS/repos/Embedded-Software/pico/pico-sdk/src/rp2_common/pico_printf/printf.c.obj
 .rodata.__aeabi_double_init.str1.4
                0x0000000010005558       0xc6 CMakeFiles/Clock.dir/home/colinenck/CS/repos/Embedded-Software/pico/pico-sdk/src/rp2_common/pico_double/double_init_rom.c.obj
 *fill*         0x000000001000561e        0x2 
 .rodata.__func__.0
                0x0000000010005620       0x14 CMakeFiles/Clock.dir/home/colinenck/CS/repos/Embedded-Software/pico/pico-sdk/src/rp2_common/pico_double/double_init_rom.c.obj
 .rodata.__aeabi_float_init.str1.4
                0x0000000010005634       0x98 CMakeFiles/Clock.dir/home/colinenck/CS/repos/Embedded-Software/pico/pico-sdk/src/rp2_common/pico_float/float_init_rom.c.obj
                                         0x9c (size before relaxing)
 .rodata.__func__.0
                0x00000000100056cc       0x13 CMakeFiles/Clock.dir/home/colinenck/CS/repos/Embedded-Software/pico/pico-sdk/src/rp2_common/pico_float/float_init_rom.c.obj
 *fill*         0x00000000100056df        0x1 
 .rodata.str1.4
                0x00000000100056e0       0x40 CMakeFiles/Clock.dir/home/colinenck/CS/repos/Embedded-Software/pico/pico-sdk/src/rp2_common/pico_standard_link/binary_info.c.obj
 .rodata.__bi_44
                0x0000000010005720        0xc CMakeFiles/Clock.dir/home/colinenck/CS/repos/Embedded-Software/pico/pico-sdk/src/rp2_common/pico_standard_link/binary_info.c.obj
 .rodata.__bi_56
                0x000000001000572c        0xc CMakeFiles/Clock.dir/home/colinenck/CS/repos/Embedded-Software/pico/pico-sdk/src/rp2_common/pico_standard_link/binary_info.c.obj
 .rodata.__bi_75
                0x0000000010005738        0xc CMakeFiles/Clock.dir/home/colinenck/CS/repos/Embedded-Software/pico/pico-sdk/src/rp2_common/pico_standard_link/binary_info.c.obj
 .rodata.__bi_81
                0x0000000010005744        0xc CMakeFiles/Clock.dir/home/colinenck/CS/repos/Embedded-Software/pico/pico-sdk/src/rp2_common/pico_standard_link/binary_info.c.obj
 .rodata.stdout_serialize_begin.str1.4
                0x0000000010005750       0x7f CMakeFiles/Clock.dir/home/colinenck/CS/repos/Embedded-Software/pico/pico-sdk/src/rp2_common/pico_stdio/stdio.c.obj
 .rodata.__func__.3
                0x0000000010005750       0x15 CMakeFiles/Clock.dir/home/colinenck/CS/repos/Embedded-Software/pico/pico-sdk/src/rp2_common/pico_stdio/stdio.c.obj
 *fill*         0x0000000010005765        0x3 
 .rodata.crlf_str.2
                0x0000000010005768        0x2 CMakeFiles/Clock.dir/home/colinenck/CS/repos/Embedded-Software/pico/pico-sdk/src/rp2_common/pico_stdio/stdio.c.obj
                0x000000001000576c                . = ALIGN (0x4)
 *fill*         0x000000001000576a        0x2 
 *(SORT_BY_ALIGNMENT(SORT_BY_NAME(.flashdata*)))
                0x000000001000576c                . = ALIGN (0x4)

.rel.dyn        0x000000001000576c        0x0
 .rel.iplt      0x000000001000576c        0x0 /usr/lib/gcc/arm-none-eabi/10.3.1/thumb/v6-m/nofp/crtbegin.o

.ARM.extab
 *(.ARM.extab* .gnu.linkonce.armextab.*)
                0x000000001000576c                __exidx_start = .

.ARM.exidx
 *(.ARM.exidx* .gnu.linkonce.armexidx.*)
                0x000000001000576c                __exidx_end = .
                0x000000001000576c                . = ALIGN (0x4)
                0x000000001000576c                __binary_info_start = .

.binary_info    0x000000001000576c       0x20
 *(.binary_info.keep.*)
 .binary_info.keep.__bi_ptr22
                0x000000001000576c        0x4 CMakeFiles/Clock.dir/home/colinenck/CS/repos/Embedded-Software/pico/pico-sdk/src/rp2_common/pico_standard_link/binary_info.c.obj
 .binary_info.keep.__bi_ptr30
                0x0000000010005770        0x4 CMakeFiles/Clock.dir/home/colinenck/CS/repos/Embedded-Software/pico/pico-sdk/src/rp2_common/pico_standard_link/binary_info.c.obj
 .binary_info.keep.__bi_ptr38
                0x0000000010005774        0x4 CMakeFiles/Clock.dir/home/colinenck/CS/repos/Embedded-Software/pico/pico-sdk/src/rp2_common/pico_standard_link/binary_info.c.obj
 .binary_info.keep.__bi_ptr44
                0x0000000010005778        0x4 CMakeFiles/Clock.dir/home/colinenck/CS/repos/Embedded-Software/pico/pico-sdk/src/rp2_common/pico_standard_link/binary_info.c.obj
 .binary_info.keep.__bi_ptr50
                0x000000001000577c        0x4 CMakeFiles/Clock.dir/home/colinenck/CS/repos/Embedded-Software/pico/pico-sdk/src/rp2_common/pico_standard_link/binary_info.c.obj
 .binary_info.keep.__bi_ptr56
                0x0000000010005780        0x4 CMakeFiles/Clock.dir/home/colinenck/CS/repos/Embedded-Software/pico/pico-sdk/src/rp2_common/pico_standard_link/binary_info.c.obj
 .binary_info.keep.__bi_ptr75
                0x0000000010005784        0x4 CMakeFiles/Clock.dir/home/colinenck/CS/repos/Embedded-Software/pico/pico-sdk/src/rp2_common/pico_standard_link/binary_info.c.obj
 .binary_info.keep.__bi_ptr81
                0x0000000010005788        0x4 CMakeFiles/Clock.dir/home/colinenck/CS/repos/Embedded-Software/pico/pico-sdk/src/rp2_common/pico_standard_link/binary_info.c.obj
 *(.binary_info.*)
                0x000000001000578c                __binary_info_end = .
                0x000000001000578c                . = ALIGN (0x4)
                0x000000001000578c                __etext = .

.ram_vector_table
                0x0000000020000000       0xc0
 *(.ram_vector_table)
 .ram_vector_table
                0x0000000020000000       0xc0 CMakeFiles/Clock.dir/home/colinenck/CS/repos/Embedded-Software/pico/pico-sdk/src/rp2_common/pico_runtime/runtime.c.obj
                0x0000000020000000                ram_vector_table

.data           0x00000000200000c0      0x65c load address 0x000000001000578c
                0x00000000200000c0                __data_start__ = .
 *(vtable)
 *(.time_critical*)
 .time_critical.mutex_try_enter
                0x00000000200000c0       0x46 CMakeFiles/Clock.dir/home/colinenck/CS/repos/Embedded-Software/pico/pico-sdk/src/common/pico_sync/mutex.c.obj
                0x00000000200000c0                mutex_try_enter
 *fill*         0x0000000020000106        0x2 
 .time_critical.mutex_enter_block_until
                0x0000000020000108       0x8c CMakeFiles/Clock.dir/home/colinenck/CS/repos/Embedded-Software/pico/pico-sdk/src/common/pico_sync/mutex.c.obj
                0x0000000020000108                mutex_enter_block_until
 .time_critical.mutex_try_enter_block_until
                0x0000000020000194       0x34 CMakeFiles/Clock.dir/home/colinenck/CS/repos/Embedded-Software/pico/pico-sdk/src/common/pico_sync/mutex.c.obj
                0x0000000020000194                mutex_try_enter_block_until
 .time_critical.mutex_exit
                0x00000000200001c8       0x4c CMakeFiles/Clock.dir/home/colinenck/CS/repos/Embedded-Software/pico/pico-sdk/src/common/pico_sync/mutex.c.obj
                0x00000000200001c8                mutex_exit
 *(.text*)
 .text          0x0000000020000214        0x4 /usr/lib/gcc/arm-none-eabi/10.3.1/thumb/v6-m/nofp/libgcc.a(_dvmd_tls.o)
                0x0000000020000214                __aeabi_ldiv0
                0x0000000020000214                __aeabi_idiv0
 .text.__stub   0x0000000020000218       0x20 linker stubs
                0x0000000020000238                . = ALIGN (0x4)
 *(.rodata*)
                0x0000000020000238                . = ALIGN (0x4)
 *(.data*)
 .data.striped_spin_lock_num
                0x0000000020000238        0x1 CMakeFiles/Clock.dir/home/colinenck/CS/repos/Embedded-Software/pico/pico-sdk/src/rp2_common/hardware_sync/sync.c.obj
 *fill*         0x0000000020000239        0x3 
 .data          0x000000002000023c       0x48 CMakeFiles/Clock.dir/home/colinenck/CS/repos/Embedded-Software/pico/pico-sdk/src/rp2_common/hardware_irq/irq_handler_chain.S.obj
                0x000000002000023c                irq_handler_chain_slots
                0x000000002000026c                irq_handler_chain_first_slot
                0x0000000020000276                irq_handler_chain_remove_tail
 .data.default_alarm_pool
                0x0000000020000284       0x18 CMakeFiles/Clock.dir/home/colinenck/CS/repos/Embedded-Software/pico/pico-sdk/src/common/pico_time/time.c.obj
 .data.default_alarm_pool_heap
                0x000000002000029c       0x10 CMakeFiles/Clock.dir/home/colinenck/CS/repos/Embedded-Software/pico/pico-sdk/src/common/pico_time/time.c.obj
 *fill*         0x00000000200002ac        0x4 
 .data.aeabi_bits_funcs
                0x00000000200002b0       0x10 CMakeFiles/Clock.dir/home/colinenck/CS/repos/Embedded-Software/pico/pico-sdk/src/rp2_common/pico_bit_ops/bit_ops_aeabi.S.obj
                0x00000000200002b0                aeabi_bits_funcs
                0x00000000200002c0                aeabi_bits_funcs_end
 .data.aeabi_mem_funcs
                0x00000000200002c0       0x10 CMakeFiles/Clock.dir/home/colinenck/CS/repos/Embedded-Software/pico/pico-sdk/src/rp2_common/pico_mem_ops/mem_ops_aeabi.S.obj
                0x00000000200002c0                aeabi_mem_funcs
                0x00000000200002d0                aeabi_mem_funcs_end
 .data          0x00000000200002d0      0x430 /usr/lib/gcc/arm-none-eabi/10.3.1/../../../arm-none-eabi/lib/thumb/v6-m/nofp/libg.a(lib_a-impure.o)
                0x00000000200002d0                _impure_ptr
                0x0000000020000700                . = ALIGN (0x4)
 *(.after_data.*)
                0x0000000020000700                . = ALIGN (0x4)
                0x0000000020000700                PROVIDE (__mutex_array_start = .)
 *(SORT_BY_NAME(.mutex_array.*))
 *(.mutex_array)
 .mutex_array   0x0000000020000700        0x8 CMakeFiles/Clock.dir/home/colinenck/CS/repos/Embedded-Software/pico/pico-sdk/src/rp2_common/pico_stdio/stdio.c.obj
                0x0000000020000708                PROVIDE (__mutex_array_end = .)
                0x0000000020000708                . = ALIGN (0x4)
                0x0000000020000708                PROVIDE (__preinit_array_start = .)
 *(SORT_BY_NAME(.preinit_array.*))
 .preinit_array.00001
                0x0000000020000708        0x4 CMakeFiles/Clock.dir/home/colinenck/CS/repos/Embedded-Software/pico/pico-sdk/src/rp2_common/pico_mem_ops/mem_ops_aeabi.S.obj
 .preinit_array.00010
                0x000000002000070c        0x4 CMakeFiles/Clock.dir/home/colinenck/CS/repos/Embedded-Software/pico/pico-sdk/src/rp2_common/pico_bit_ops/bit_ops_aeabi.S.obj
 .preinit_array.00020
                0x0000000020000710        0x4 CMakeFiles/Clock.dir/home/colinenck/CS/repos/Embedded-Software/pico/pico-sdk/src/rp2_common/pico_double/double_aeabi.S.obj
 .preinit_array.00020
                0x0000000020000714        0x4 CMakeFiles/Clock.dir/home/colinenck/CS/repos/Embedded-Software/pico/pico-sdk/src/rp2_common/pico_float/float_aeabi.S.obj
 *(.preinit_array)
                0x0000000020000718                PROVIDE (__preinit_array_end = .)
                0x0000000020000718                . = ALIGN (0x4)
                0x0000000020000718                PROVIDE (__init_array_start = .)
 *(SORT_BY_NAME(.init_array.*))
 *(.init_array)
 .init_array    0x0000000020000718        0x4 /usr/lib/gcc/arm-none-eabi/10.3.1/thumb/v6-m/nofp/crtbegin.o
                0x000000002000071c                PROVIDE (__init_array_end = .)
                0x000000002000071c                . = ALIGN (0x4)
                0x000000002000071c                PROVIDE (__fini_array_start = .)
 *(SORT_BY_NAME(.fini_array.*))
 *(.fini_array)
                0x000000002000071c                PROVIDE (__fini_array_end = .)
 *(.jcr)
                0x000000002000071c                . = ALIGN (0x4)
                0x000000002000071c                __data_end__ = .

.tm_clone_table
                0x000000002000071c        0x0 load address 0x0000000010005de8
 .tm_clone_table
                0x000000002000071c        0x0 /usr/lib/gcc/arm-none-eabi/10.3.1/thumb/v6-m/nofp/crtbegin.o
 .tm_clone_table
                0x000000002000071c        0x0 /usr/lib/gcc/arm-none-eabi/10.3.1/thumb/v6-m/nofp/crtend.o

.igot.plt       0x000000002000071c        0x0 load address 0x0000000010005de8
 .igot.plt      0x000000002000071c        0x0 /usr/lib/gcc/arm-none-eabi/10.3.1/thumb/v6-m/nofp/crtbegin.o

.uninitialized_data
                0x000000002000071c        0x0 load address 0x0000000010005de8
                0x000000002000071c                . = ALIGN (0x4)
 *(.uninitialized_data*)

.scratch_x      0x0000000020040000        0x0 load address 0x0000000010005de8
                0x0000000020040000                __scratch_x_start__ = .
 *(.scratch_x.*)
                0x0000000020040000                . = ALIGN (0x4)
                0x0000000020040000                __scratch_x_end__ = .
                0x0000000010005de8                __scratch_x_source__ = LOADADDR (.scratch_x)

.scratch_y      0x0000000020041000        0x0 load address 0x0000000010005de8
                0x0000000020041000                __scratch_y_start__ = .
 *(.scratch_y.*)
                0x0000000020041000                . = ALIGN (0x4)
                0x0000000020041000                __scratch_y_end__ = .
                0x0000000010005de8                __scratch_y_source__ = LOADADDR (.scratch_y)

.bss            0x0000000020000720      0x3d4
                0x0000000020000720                . = ALIGN (0x4)
                0x0000000020000720                __bss_start__ = .
 *(SORT_BY_ALIGNMENT(SORT_BY_NAME(.bss*)))
 .bss.default_alarm_pool_entries
                0x0000000020000720      0x100 CMakeFiles/Clock.dir/home/colinenck/CS/repos/Embedded-Software/pico/pico-sdk/src/common/pico_time/time.c.obj
 .bss.epoch_time_us_since_boot
                0x0000000020000820        0x8 CMakeFiles/Clock.dir/home/colinenck/CS/repos/Embedded-Software/pico/pico-sdk/src/rp2_common/pico_runtime/runtime.c.obj
 .bss           0x0000000020000828       0x1c /usr/lib/gcc/arm-none-eabi/10.3.1/thumb/v6-m/nofp/crtbegin.o
 .bss           0x0000000020000844        0x4 /usr/lib/gcc/arm-none-eabi/10.3.1/../../../arm-none-eabi/lib/thumb/v6-m/nofp/libg.a(lib_a-reent.o)
                0x0000000020000844                errno
 .bss.alarm_callbacks
                0x0000000020000848       0x10 CMakeFiles/Clock.dir/home/colinenck/CS/repos/Embedded-Software/pico/pico-sdk/src/rp2_common/hardware_timer/timer.c.obj
 .bss.configured_freq
                0x0000000020000858       0x28 CMakeFiles/Clock.dir/home/colinenck/CS/repos/Embedded-Software/pico/pico-sdk/src/rp2_common/hardware_clocks/clocks.c.obj
 .bss.default_alarm_pool_entry_ids_high
                0x0000000020000880       0x10 CMakeFiles/Clock.dir/home/colinenck/CS/repos/Embedded-Software/pico/pico-sdk/src/common/pico_time/time.c.obj
 .bss.default_alarm_pool_heap_nodes
                0x0000000020000890       0x30 CMakeFiles/Clock.dir/home/colinenck/CS/repos/Embedded-Software/pico/pico-sdk/src/common/pico_time/time.c.obj
 .bss.drivers   0x00000000200008c0        0x4 CMakeFiles/Clock.dir/home/colinenck/CS/repos/Embedded-Software/pico/pico-sdk/src/rp2_common/pico_stdio/stdio.c.obj
 .bss.filter    0x00000000200008c4        0x4 CMakeFiles/Clock.dir/home/colinenck/CS/repos/Embedded-Software/pico/pico-sdk/src/rp2_common/pico_stdio/stdio.c.obj
 .bss.pools     0x00000000200008c8       0x10 CMakeFiles/Clock.dir/home/colinenck/CS/repos/Embedded-Software/pico/pico-sdk/src/common/pico_time/time.c.obj
 .bss.sd_table  0x00000000200008d8      0x100 CMakeFiles/Clock.dir/home/colinenck/CS/repos/Embedded-Software/pico/pico-sdk/src/rp2_common/pico_double/double_init_rom.c.obj
                0x00000000200008d8                sd_table
 .bss.sf_clz_func
                0x00000000200009d8        0x4 CMakeFiles/Clock.dir/home/colinenck/CS/repos/Embedded-Software/pico/pico-sdk/src/rp2_common/pico_double/double_init_rom.c.obj
                0x00000000200009d8                sf_clz_func
 .bss.sf_table  0x00000000200009dc      0x100 CMakeFiles/Clock.dir/home/colinenck/CS/repos/Embedded-Software/pico/pico-sdk/src/rp2_common/pico_float/float_init_rom.c.obj
                0x00000000200009dc                sf_table
 .bss.sleep_notifier
                0x0000000020000adc        0x4 CMakeFiles/Clock.dir/home/colinenck/CS/repos/Embedded-Software/pico/pico-sdk/src/common/pico_time/time.c.obj
 .bss.target_hi
                0x0000000020000ae0       0x10 CMakeFiles/Clock.dir/home/colinenck/CS/repos/Embedded-Software/pico/pico-sdk/src/rp2_common/hardware_timer/timer.c.obj
 .bss.claimed   0x0000000020000af0        0x1 CMakeFiles/Clock.dir/home/colinenck/CS/repos/Embedded-Software/pico/pico-sdk/src/rp2_common/hardware_timer/timer.c.obj
 .bss.irq_hander_chain_free_slot_head
                0x0000000020000af1        0x1 CMakeFiles/Clock.dir/home/colinenck/CS/repos/Embedded-Software/pico/pico-sdk/src/rp2_common/hardware_irq/irq.c.obj
 .bss.timer_callbacks_pending
                0x0000000020000af2        0x1 CMakeFiles/Clock.dir/home/colinenck/CS/repos/Embedded-Software/pico/pico-sdk/src/rp2_common/hardware_timer/timer.c.obj
 *(COMMON)
                0x0000000020000af4                . = ALIGN (0x4)
 *fill*         0x0000000020000af3        0x1 
                0x0000000020000af4                __bss_end__ = .

.heap           0x0000000020000af4      0x800
                0x0000000020000af4                __end__ = .
                0x0000000020000af4                end = __end__
 *(.heap*)
 .heap          0x0000000020000af4      0x800 CMakeFiles/Clock.dir/home/colinenck/CS/repos/Embedded-Software/pico/pico-sdk/src/rp2_common/pico_standard_link/crt0.S.obj
                0x00000000200012f4                __HeapLimit = .

.stack1_dummy   0x0000000020040000        0x0
 *(.stack1*)

.stack_dummy    0x0000000020041000      0x800
 *(.stack*)
 .stack         0x0000000020041000      0x800 CMakeFiles/Clock.dir/home/colinenck/CS/repos/Embedded-Software/pico/pico-sdk/src/rp2_common/pico_standard_link/crt0.S.obj

.flash_end      0x0000000010005de8        0x0
                0x0000000010005de8                __flash_binary_end = .
                0x0000000020040000                __StackLimit = (ORIGIN (RAM) + LENGTH (RAM))
                0x0000000020041000                __StackOneTop = (ORIGIN (SCRATCH_X) + LENGTH (SCRATCH_X))
                0x0000000020042000                __StackTop = (ORIGIN (SCRATCH_Y) + LENGTH (SCRATCH_Y))
                0x0000000020041000                __StackOneBottom = (__StackOneTop - SIZEOF (.stack1_dummy))
                0x0000000020041800                __StackBottom = (__StackTop - SIZEOF (.stack_dummy))
                0x0000000020042000                PROVIDE (__stack = __StackTop)
                0x0000000000000001                ASSERT ((__StackLimit >= __HeapLimit), region RAM overflowed)
                0x0000000000000001                ASSERT (((__binary_info_header_end - __logical_binary_start) <= 0x100), Binary info must be in first 256 bytes of the binary)
LOAD CMakeFiles/Clock.dir/Clock.c.obj
LOAD CMakeFiles/Clock.dir/home/colinenck/CS/repos/Embedded-Software/pico/pico-sdk/src/rp2_common/pico_stdlib/stdlib.c.obj
LOAD CMakeFiles/Clock.dir/home/colinenck/CS/repos/Embedded-Software/pico/pico-sdk/src/rp2_common/hardware_gpio/gpio.c.obj
LOAD CMakeFiles/Clock.dir/home/colinenck/CS/repos/Embedded-Software/pico/pico-sdk/src/rp2_common/pico_platform/platform.c.obj
LOAD CMakeFiles/Clock.dir/home/colinenck/CS/repos/Embedded-Software/pico/pico-sdk/src/rp2_common/hardware_claim/claim.c.obj
LOAD CMakeFiles/Clock.dir/home/colinenck/CS/repos/Embedded-Software/pico/pico-sdk/src/rp2_common/hardware_sync/sync.c.obj
LOAD CMakeFiles/Clock.dir/home/colinenck/CS/repos/Embedded-Software/pico/pico-sdk/src/rp2_common/hardware_irq/irq.c.obj
LOAD CMakeFiles/Clock.dir/home/colinenck/CS/repos/Embedded-Software/pico/pico-sdk/src/rp2_common/hardware_irq/irq_handler_chain.S.obj
LOAD CMakeFiles/Clock.dir/home/colinenck/CS/repos/Embedded-Software/pico/pico-sdk/src/common/pico_sync/sem.c.obj
LOAD CMakeFiles/Clock.dir/home/colinenck/CS/repos/Embedded-Software/pico/pico-sdk/src/common/pico_sync/lock_core.c.obj
LOAD CMakeFiles/Clock.dir/home/colinenck/CS/repos/Embedded-Software/pico/pico-sdk/src/common/pico_sync/mutex.c.obj
LOAD CMakeFiles/Clock.dir/home/colinenck/CS/repos/Embedded-Software/pico/pico-sdk/src/common/pico_sync/critical_section.c.obj
LOAD CMakeFiles/Clock.dir/home/colinenck/CS/repos/Embedded-Software/pico/pico-sdk/src/common/pico_time/time.c.obj
LOAD CMakeFiles/Clock.dir/home/colinenck/CS/repos/Embedded-Software/pico/pico-sdk/src/common/pico_time/timeout_helper.c.obj
LOAD CMakeFiles/Clock.dir/home/colinenck/CS/repos/Embedded-Software/pico/pico-sdk/src/rp2_common/hardware_timer/timer.c.obj
LOAD CMakeFiles/Clock.dir/home/colinenck/CS/repos/Embedded-Software/pico/pico-sdk/src/common/pico_util/datetime.c.obj
LOAD CMakeFiles/Clock.dir/home/colinenck/CS/repos/Embedded-Software/pico/pico-sdk/src/common/pico_util/pheap.c.obj
LOAD CMakeFiles/Clock.dir/home/colinenck/CS/repos/Embedded-Software/pico/pico-sdk/src/common/pico_util/queue.c.obj
LOAD CMakeFiles/Clock.dir/home/colinenck/CS/repos/Embedded-Software/pico/pico-sdk/src/rp2_common/hardware_uart/uart.c.obj
LOAD CMakeFiles/Clock.dir/home/colinenck/CS/repos/Embedded-Software/pico/pico-sdk/src/rp2_common/hardware_clocks/clocks.c.obj
LOAD CMakeFiles/Clock.dir/home/colinenck/CS/repos/Embedded-Software/pico/pico-sdk/src/rp2_common/hardware_pll/pll.c.obj
LOAD CMakeFiles/Clock.dir/home/colinenck/CS/repos/Embedded-Software/pico/pico-sdk/src/rp2_common/hardware_vreg/vreg.c.obj
LOAD CMakeFiles/Clock.dir/home/colinenck/CS/repos/Embedded-Software/pico/pico-sdk/src/rp2_common/hardware_watchdog/watchdog.c.obj
LOAD CMakeFiles/Clock.dir/home/colinenck/CS/repos/Embedded-Software/pico/pico-sdk/src/rp2_common/hardware_xosc/xosc.c.obj
LOAD CMakeFiles/Clock.dir/home/colinenck/CS/repos/Embedded-Software/pico/pico-sdk/src/rp2_common/hardware_divider/divider.S.obj
LOAD CMakeFiles/Clock.dir/home/colinenck/CS/repos/Embedded-Software/pico/pico-sdk/src/rp2_common/pico_runtime/runtime.c.obj
LOAD CMakeFiles/Clock.dir/home/colinenck/CS/repos/Embedded-Software/pico/pico-sdk/src/rp2_common/pico_printf/printf.c.obj
LOAD CMakeFiles/Clock.dir/home/colinenck/CS/repos/Embedded-Software/pico/pico-sdk/src/rp2_common/pico_bit_ops/bit_ops_aeabi.S.obj
LOAD CMakeFiles/Clock.dir/home/colinenck/CS/repos/Embedded-Software/pico/pico-sdk/src/rp2_common/pico_bootrom/bootrom.c.obj
LOAD CMakeFiles/Clock.dir/home/colinenck/CS/repos/Embedded-Software/pico/pico-sdk/src/rp2_common/pico_divider/divider.S.obj
LOAD CMakeFiles/Clock.dir/home/colinenck/CS/repos/Embedded-Software/pico/pico-sdk/src/rp2_common/pico_double/double_aeabi.S.obj
LOAD CMakeFiles/Clock.dir/home/colinenck/CS/repos/Embedded-Software/pico/pico-sdk/src/rp2_common/pico_double/double_init_rom.c.obj
LOAD CMakeFiles/Clock.dir/home/colinenck/CS/repos/Embedded-Software/pico/pico-sdk/src/rp2_common/pico_double/double_math.c.obj
LOAD CMakeFiles/Clock.dir/home/colinenck/CS/repos/Embedded-Software/pico/pico-sdk/src/rp2_common/pico_double/double_v1_rom_shim.S.obj
LOAD CMakeFiles/Clock.dir/home/colinenck/CS/repos/Embedded-Software/pico/pico-sdk/src/rp2_common/pico_int64_ops/pico_int64_ops_aeabi.S.obj
LOAD CMakeFiles/Clock.dir/home/colinenck/CS/repos/Embedded-Software/pico/pico-sdk/src/rp2_common/pico_float/float_aeabi.S.obj
LOAD CMakeFiles/Clock.dir/home/colinenck/CS/repos/Embedded-Software/pico/pico-sdk/src/rp2_common/pico_float/float_init_rom.c.obj
LOAD CMakeFiles/Clock.dir/home/colinenck/CS/repos/Embedded-Software/pico/pico-sdk/src/rp2_common/pico_float/float_math.c.obj
LOAD CMakeFiles/Clock.dir/home/colinenck/CS/repos/Embedded-Software/pico/pico-sdk/src/rp2_common/pico_float/float_v1_rom_shim.S.obj
LOAD CMakeFiles/Clock.dir/home/colinenck/CS/repos/Embedded-Software/pico/pico-sdk/src/rp2_common/pico_malloc/pico_malloc.c.obj
LOAD CMakeFiles/Clock.dir/home/colinenck/CS/repos/Embedded-Software/pico/pico-sdk/src/rp2_common/pico_mem_ops/mem_ops_aeabi.S.obj
LOAD CMakeFiles/Clock.dir/home/colinenck/CS/repos/Embedded-Software/pico/pico-sdk/src/rp2_common/pico_standard_link/crt0.S.obj
LOAD CMakeFiles/Clock.dir/home/colinenck/CS/repos/Embedded-Software/pico/pico-sdk/src/rp2_common/pico_standard_link/new_delete.cpp.obj
LOAD CMakeFiles/Clock.dir/home/colinenck/CS/repos/Embedded-Software/pico/pico-sdk/src/rp2_common/pico_standard_link/binary_info.c.obj
LOAD CMakeFiles/Clock.dir/home/colinenck/CS/repos/Embedded-Software/pico/pico-sdk/src/rp2_common/pico_stdio/stdio.c.obj
LOAD /tmp/ccsuHx5R.o
LOAD /usr/lib/gcc/arm-none-eabi/10.3.1/../../../arm-none-eabi/lib/thumb/v6-m/nofp/libstdc++.a
LOAD /usr/lib/gcc/arm-none-eabi/10.3.1/../../../arm-none-eabi/lib/thumb/v6-m/nofp/libm.a
START GROUP
LOAD /usr/lib/gcc/arm-none-eabi/10.3.1/thumb/v6-m/nofp/libgcc.a
LOAD /usr/lib/gcc/arm-none-eabi/10.3.1/../../../arm-none-eabi/lib/thumb/v6-m/nofp/libg.a
LOAD /usr/lib/gcc/arm-none-eabi/10.3.1/../../../arm-none-eabi/lib/thumb/v6-m/nofp/libc.a
END GROUP
START GROUP
LOAD /usr/lib/gcc/arm-none-eabi/10.3.1/thumb/v6-m/nofp/libgcc.a
LOAD /usr/lib/gcc/arm-none-eabi/10.3.1/../../../arm-none-eabi/lib/thumb/v6-m/nofp/libc.a
LOAD /usr/lib/gcc/arm-none-eabi/10.3.1/../../../arm-none-eabi/lib/thumb/v6-m/nofp/libnosys.a
END GROUP
LOAD /usr/lib/gcc/arm-none-eabi/10.3.1/thumb/v6-m/nofp/crtend.o
LOAD /usr/lib/gcc/arm-none-eabi/10.3.1/thumb/v6-m/nofp/crtn.o
OUTPUT(Clock.elf elf32-littlearm)
LOAD linker stubs

.ARM.attributes
                0x0000000000000000       0x28
 .ARM.attributes
                0x0000000000000000       0x1e /usr/lib/gcc/arm-none-eabi/10.3.1/thumb/v6-m/nofp/crti.o
 .ARM.attributes
                0x000000000000001e       0x2c /usr/lib/gcc/arm-none-eabi/10.3.1/thumb/v6-m/nofp/crtbegin.o
 .ARM.attributes
                0x000000000000004a       0x2c CMakeFiles/Clock.dir/Clock.c.obj
 .ARM.attributes
                0x0000000000000076       0x2c CMakeFiles/Clock.dir/home/colinenck/CS/repos/Embedded-Software/pico/pico-sdk/src/rp2_common/hardware_gpio/gpio.c.obj
 .ARM.attributes
                0x00000000000000a2       0x2c CMakeFiles/Clock.dir/home/colinenck/CS/repos/Embedded-Software/pico/pico-sdk/src/rp2_common/pico_platform/platform.c.obj
 .ARM.attributes
                0x00000000000000ce       0x2c CMakeFiles/Clock.dir/home/colinenck/CS/repos/Embedded-Software/pico/pico-sdk/src/rp2_common/hardware_claim/claim.c.obj
 .ARM.attributes
                0x00000000000000fa       0x2c CMakeFiles/Clock.dir/home/colinenck/CS/repos/Embedded-Software/pico/pico-sdk/src/rp2_common/hardware_sync/sync.c.obj
 .ARM.attributes
                0x0000000000000126       0x2c CMakeFiles/Clock.dir/home/colinenck/CS/repos/Embedded-Software/pico/pico-sdk/src/rp2_common/hardware_irq/irq.c.obj
 .ARM.attributes
                0x0000000000000152       0x22 CMakeFiles/Clock.dir/home/colinenck/CS/repos/Embedded-Software/pico/pico-sdk/src/rp2_common/hardware_irq/irq_handler_chain.S.obj
 .ARM.attributes
                0x0000000000000174       0x2c CMakeFiles/Clock.dir/home/colinenck/CS/repos/Embedded-Software/pico/pico-sdk/src/common/pico_sync/lock_core.c.obj
 .ARM.attributes
                0x00000000000001a0       0x2c CMakeFiles/Clock.dir/home/colinenck/CS/repos/Embedded-Software/pico/pico-sdk/src/common/pico_sync/mutex.c.obj
 .ARM.attributes
                0x00000000000001cc       0x2c CMakeFiles/Clock.dir/home/colinenck/CS/repos/Embedded-Software/pico/pico-sdk/src/common/pico_time/time.c.obj
 .ARM.attributes
                0x00000000000001f8       0x2c CMakeFiles/Clock.dir/home/colinenck/CS/repos/Embedded-Software/pico/pico-sdk/src/rp2_common/hardware_timer/timer.c.obj
 .ARM.attributes
                0x0000000000000224       0x2c CMakeFiles/Clock.dir/home/colinenck/CS/repos/Embedded-Software/pico/pico-sdk/src/common/pico_util/pheap.c.obj
 .ARM.attributes
                0x0000000000000250       0x2c CMakeFiles/Clock.dir/home/colinenck/CS/repos/Embedded-Software/pico/pico-sdk/src/rp2_common/hardware_clocks/clocks.c.obj
 .ARM.attributes
                0x000000000000027c       0x2c CMakeFiles/Clock.dir/home/colinenck/CS/repos/Embedded-Software/pico/pico-sdk/src/rp2_common/hardware_pll/pll.c.obj
 .ARM.attributes
                0x00000000000002a8       0x2c CMakeFiles/Clock.dir/home/colinenck/CS/repos/Embedded-Software/pico/pico-sdk/src/rp2_common/hardware_watchdog/watchdog.c.obj
 .ARM.attributes
                0x00000000000002d4       0x2c CMakeFiles/Clock.dir/home/colinenck/CS/repos/Embedded-Software/pico/pico-sdk/src/rp2_common/hardware_xosc/xosc.c.obj
 .ARM.attributes
                0x0000000000000300       0x2c CMakeFiles/Clock.dir/home/colinenck/CS/repos/Embedded-Software/pico/pico-sdk/src/rp2_common/pico_runtime/runtime.c.obj
 .ARM.attributes
                0x000000000000032c       0x2c CMakeFiles/Clock.dir/home/colinenck/CS/repos/Embedded-Software/pico/pico-sdk/src/rp2_common/pico_printf/printf.c.obj
 .ARM.attributes
                0x0000000000000358       0x22 CMakeFiles/Clock.dir/home/colinenck/CS/repos/Embedded-Software/pico/pico-sdk/src/rp2_common/pico_bit_ops/bit_ops_aeabi.S.obj
 .ARM.attributes
                0x000000000000037a       0x2c CMakeFiles/Clock.dir/home/colinenck/CS/repos/Embedded-Software/pico/pico-sdk/src/rp2_common/pico_bootrom/bootrom.c.obj
 .ARM.attributes
                0x00000000000003a6       0x22 CMakeFiles/Clock.dir/home/colinenck/CS/repos/Embedded-Software/pico/pico-sdk/src/rp2_common/pico_divider/divider.S.obj
 .ARM.attributes
                0x00000000000003c8       0x22 CMakeFiles/Clock.dir/home/colinenck/CS/repos/Embedded-Software/pico/pico-sdk/src/rp2_common/pico_double/double_aeabi.S.obj
 .ARM.attributes
                0x00000000000003ea       0x2c CMakeFiles/Clock.dir/home/colinenck/CS/repos/Embedded-Software/pico/pico-sdk/src/rp2_common/pico_double/double_init_rom.c.obj
 .ARM.attributes
                0x0000000000000416       0x22 CMakeFiles/Clock.dir/home/colinenck/CS/repos/Embedded-Software/pico/pico-sdk/src/rp2_common/pico_double/double_v1_rom_shim.S.obj
 .ARM.attributes
                0x0000000000000438       0x22 CMakeFiles/Clock.dir/home/colinenck/CS/repos/Embedded-Software/pico/pico-sdk/src/rp2_common/pico_int64_ops/pico_int64_ops_aeabi.S.obj
 .ARM.attributes
                0x000000000000045a       0x22 CMakeFiles/Clock.dir/home/colinenck/CS/repos/Embedded-Software/pico/pico-sdk/src/rp2_common/pico_float/float_aeabi.S.obj
 .ARM.attributes
                0x000000000000047c       0x2c CMakeFiles/Clock.dir/home/colinenck/CS/repos/Embedded-Software/pico/pico-sdk/src/rp2_common/pico_float/float_init_rom.c.obj
 .ARM.attributes
                0x00000000000004a8       0x22 CMakeFiles/Clock.dir/home/colinenck/CS/repos/Embedded-Software/pico/pico-sdk/src/rp2_common/pico_float/float_v1_rom_shim.S.obj
 .ARM.attributes
                0x00000000000004ca       0x22 CMakeFiles/Clock.dir/home/colinenck/CS/repos/Embedded-Software/pico/pico-sdk/src/rp2_common/pico_mem_ops/mem_ops_aeabi.S.obj
 .ARM.attributes
                0x00000000000004ec       0x22 CMakeFiles/Clock.dir/home/colinenck/CS/repos/Embedded-Software/pico/pico-sdk/src/rp2_common/pico_standard_link/crt0.S.obj
 .ARM.attributes
                0x000000000000050e       0x32 CMakeFiles/Clock.dir/home/colinenck/CS/repos/Embedded-Software/pico/pico-sdk/src/rp2_common/pico_standard_link/binary_info.c.obj
 .ARM.attributes
                0x0000000000000540       0x2c CMakeFiles/Clock.dir/home/colinenck/CS/repos/Embedded-Software/pico/pico-sdk/src/rp2_common/pico_stdio/stdio.c.obj
 .ARM.attributes
                0x000000000000056c       0x22 /tmp/ccsuHx5R.o
 .ARM.attributes
                0x000000000000058e       0x1e /usr/lib/gcc/arm-none-eabi/10.3.1/thumb/v6-m/nofp/libgcc.a(_dvmd_tls.o)
 .ARM.attributes
                0x00000000000005ac       0x2c /usr/lib/gcc/arm-none-eabi/10.3.1/../../../arm-none-eabi/lib/thumb/v6-m/nofp/libg.a(lib_a-impure.o)
 .ARM.attributes
                0x00000000000005d8       0x2c /usr/lib/gcc/arm-none-eabi/10.3.1/../../../arm-none-eabi/lib/thumb/v6-m/nofp/libg.a(lib_a-strlen-stub.o)
 .ARM.attributes
                0x0000000000000604       0x2c /usr/lib/gcc/arm-none-eabi/10.3.1/../../../arm-none-eabi/lib/thumb/v6-m/nofp/libg.a(lib_a-time.o)
 .ARM.attributes
                0x0000000000000630       0x2c /usr/lib/gcc/arm-none-eabi/10.3.1/../../../arm-none-eabi/lib/thumb/v6-m/nofp/libg.a(lib_a-gettimeofdayr.o)
 .ARM.attributes
                0x000000000000065c       0x2c /usr/lib/gcc/arm-none-eabi/10.3.1/../../../arm-none-eabi/lib/thumb/v6-m/nofp/libg.a(lib_a-reent.o)
 .ARM.attributes
                0x0000000000000688       0x2c /usr/lib/gcc/arm-none-eabi/10.3.1/thumb/v6-m/nofp/crtend.o

.comment        0x0000000000000000       0x33
 .comment       0x0000000000000000       0x33 /usr/lib/gcc/arm-none-eabi/10.3.1/thumb/v6-m/nofp/crtbegin.o
                                         0x34 (size before relaxing)
 .comment       0x0000000000000033       0x34 CMakeFiles/Clock.dir/Clock.c.obj
 .comment       0x0000000000000033       0x34 CMakeFiles/Clock.dir/home/colinenck/CS/repos/Embedded-Software/pico/pico-sdk/src/rp2_common/hardware_gpio/gpio.c.obj
 .comment       0x0000000000000033       0x34 CMakeFiles/Clock.dir/home/colinenck/CS/repos/Embedded-Software/pico/pico-sdk/src/rp2_common/pico_platform/platform.c.obj
 .comment       0x0000000000000033       0x34 CMakeFiles/Clock.dir/home/colinenck/CS/repos/Embedded-Software/pico/pico-sdk/src/rp2_common/hardware_claim/claim.c.obj
 .comment       0x0000000000000033       0x34 CMakeFiles/Clock.dir/home/colinenck/CS/repos/Embedded-Software/pico/pico-sdk/src/rp2_common/hardware_sync/sync.c.obj
 .comment       0x0000000000000033       0x34 CMakeFiles/Clock.dir/home/colinenck/CS/repos/Embedded-Software/pico/pico-sdk/src/rp2_common/hardware_irq/irq.c.obj
 .comment       0x0000000000000033       0x34 CMakeFiles/Clock.dir/home/colinenck/CS/repos/Embedded-Software/pico/pico-sdk/src/common/pico_sync/lock_core.c.obj
 .comment       0x0000000000000033       0x34 CMakeFiles/Clock.dir/home/colinenck/CS/repos/Embedded-Software/pico/pico-sdk/src/common/pico_sync/mutex.c.obj
 .comment       0x0000000000000033       0x34 CMakeFiles/Clock.dir/home/colinenck/CS/repos/Embedded-Software/pico/pico-sdk/src/common/pico_time/time.c.obj
 .comment       0x0000000000000033       0x34 CMakeFiles/Clock.dir/home/colinenck/CS/repos/Embedded-Software/pico/pico-sdk/src/rp2_common/hardware_timer/timer.c.obj
 .comment       0x0000000000000033       0x34 CMakeFiles/Clock.dir/home/colinenck/CS/repos/Embedded-Software/pico/pico-sdk/src/common/pico_util/pheap.c.obj
 .comment       0x0000000000000033       0x34 CMakeFiles/Clock.dir/home/colinenck/CS/repos/Embedded-Software/pico/pico-sdk/src/rp2_common/hardware_clocks/clocks.c.obj
 .comment       0x0000000000000033       0x34 CMakeFiles/Clock.dir/home/colinenck/CS/repos/Embedded-Software/pico/pico-sdk/src/rp2_common/hardware_pll/pll.c.obj
 .comment       0x0000000000000033       0x34 CMakeFiles/Clock.dir/home/colinenck/CS/repos/Embedded-Software/pico/pico-sdk/src/rp2_common/hardware_watchdog/watchdog.c.obj
 .comment       0x0000000000000033       0x34 CMakeFiles/Clock.dir/home/colinenck/CS/repos/Embedded-Software/pico/pico-sdk/src/rp2_common/hardware_xosc/xosc.c.obj
 .comment       0x0000000000000033       0x34 CMakeFiles/Clock.dir/home/colinenck/CS/repos/Embedded-Software/pico/pico-sdk/src/rp2_common/pico_runtime/runtime.c.obj
 .comment       0x0000000000000033       0x34 CMakeFiles/Clock.dir/home/colinenck/CS/repos/Embedded-Software/pico/pico-sdk/src/rp2_common/pico_printf/printf.c.obj
 .comment       0x0000000000000033       0x34 CMakeFiles/Clock.dir/home/colinenck/CS/repos/Embedded-Software/pico/pico-sdk/src/rp2_common/pico_bootrom/bootrom.c.obj
 .comment       0x0000000000000033       0x34 CMakeFiles/Clock.dir/home/colinenck/CS/repos/Embedded-Software/pico/pico-sdk/src/rp2_common/pico_double/double_init_rom.c.obj
 .comment       0x0000000000000033       0x34 CMakeFiles/Clock.dir/home/colinenck/CS/repos/Embedded-Software/pico/pico-sdk/src/rp2_common/pico_float/float_init_rom.c.obj
 .comment       0x0000000000000033       0x34 CMakeFiles/Clock.dir/home/colinenck/CS/repos/Embedded-Software/pico/pico-sdk/src/rp2_common/pico_standard_link/binary_info.c.obj
 .comment       0x0000000000000033       0x34 CMakeFiles/Clock.dir/home/colinenck/CS/repos/Embedded-Software/pico/pico-sdk/src/rp2_common/pico_stdio/stdio.c.obj
 .comment       0x0000000000000033       0x34 /usr/lib/gcc/arm-none-eabi/10.3.1/../../../arm-none-eabi/lib/thumb/v6-m/nofp/libg.a(lib_a-impure.o)
 .comment       0x0000000000000033       0x34 /usr/lib/gcc/arm-none-eabi/10.3.1/../../../arm-none-eabi/lib/thumb/v6-m/nofp/libg.a(lib_a-strlen-stub.o)
 .comment       0x0000000000000033       0x34 /usr/lib/gcc/arm-none-eabi/10.3.1/../../../arm-none-eabi/lib/thumb/v6-m/nofp/libg.a(lib_a-time.o)
 .comment       0x0000000000000033       0x34 /usr/lib/gcc/arm-none-eabi/10.3.1/../../../arm-none-eabi/lib/thumb/v6-m/nofp/libg.a(lib_a-gettimeofdayr.o)
 .comment       0x0000000000000033       0x34 /usr/lib/gcc/arm-none-eabi/10.3.1/../../../arm-none-eabi/lib/thumb/v6-m/nofp/libg.a(lib_a-reent.o)
 .comment       0x0000000000000033       0x34 /usr/lib/gcc/arm-none-eabi/10.3.1/thumb/v6-m/nofp/crtend.o

.debug_info     0x0000000000000000    0x16e29
 .debug_info    0x0000000000000000     0x11dc CMakeFiles/Clock.dir/Clock.c.obj
 .debug_info    0x00000000000011dc     0x16b4 CMakeFiles/Clock.dir/home/colinenck/CS/repos/Embedded-Software/pico/pico-sdk/src/rp2_common/hardware_gpio/gpio.c.obj
 .debug_info    0x0000000000002890      0x1cb CMakeFiles/Clock.dir/home/colinenck/CS/repos/Embedded-Software/pico/pico-sdk/src/rp2_common/pico_platform/platform.c.obj
 .debug_info    0x0000000000002a5b      0x6a4 CMakeFiles/Clock.dir/home/colinenck/CS/repos/Embedded-Software/pico/pico-sdk/src/rp2_common/hardware_claim/claim.c.obj
 .debug_info    0x00000000000030ff      0x576 CMakeFiles/Clock.dir/home/colinenck/CS/repos/Embedded-Software/pico/pico-sdk/src/rp2_common/hardware_sync/sync.c.obj
 .debug_info    0x0000000000003675     0x1c54 CMakeFiles/Clock.dir/home/colinenck/CS/repos/Embedded-Software/pico/pico-sdk/src/rp2_common/hardware_irq/irq.c.obj
 .debug_info    0x00000000000052c9      0x198 CMakeFiles/Clock.dir/home/colinenck/CS/repos/Embedded-Software/pico/pico-sdk/src/common/pico_sync/lock_core.c.obj
 .debug_info    0x0000000000005461     0x2097 CMakeFiles/Clock.dir/home/colinenck/CS/repos/Embedded-Software/pico/pico-sdk/src/common/pico_sync/mutex.c.obj
 .debug_info    0x00000000000074f8     0x402a CMakeFiles/Clock.dir/home/colinenck/CS/repos/Embedded-Software/pico/pico-sdk/src/common/pico_time/time.c.obj
 .debug_info    0x000000000000b522     0x13b2 CMakeFiles/Clock.dir/home/colinenck/CS/repos/Embedded-Software/pico/pico-sdk/src/rp2_common/hardware_timer/timer.c.obj
 .debug_info    0x000000000000c8d4     0x123b CMakeFiles/Clock.dir/home/colinenck/CS/repos/Embedded-Software/pico/pico-sdk/src/common/pico_util/pheap.c.obj
 .debug_info    0x000000000000db0f      0xf5d CMakeFiles/Clock.dir/home/colinenck/CS/repos/Embedded-Software/pico/pico-sdk/src/rp2_common/hardware_clocks/clocks.c.obj
 .debug_info    0x000000000000ea6c      0x503 CMakeFiles/Clock.dir/home/colinenck/CS/repos/Embedded-Software/pico/pico-sdk/src/rp2_common/hardware_pll/pll.c.obj
 .debug_info    0x000000000000ef6f      0x4ee CMakeFiles/Clock.dir/home/colinenck/CS/repos/Embedded-Software/pico/pico-sdk/src/rp2_common/hardware_watchdog/watchdog.c.obj
 .debug_info    0x000000000000f45d      0x1c0 CMakeFiles/Clock.dir/home/colinenck/CS/repos/Embedded-Software/pico/pico-sdk/src/rp2_common/hardware_xosc/xosc.c.obj
 .debug_info    0x000000000000f61d     0x1028 CMakeFiles/Clock.dir/home/colinenck/CS/repos/Embedded-Software/pico/pico-sdk/src/rp2_common/pico_runtime/runtime.c.obj
 .debug_info    0x0000000000010645     0x1a47 CMakeFiles/Clock.dir/home/colinenck/CS/repos/Embedded-Software/pico/pico-sdk/src/rp2_common/pico_printf/printf.c.obj
 .debug_info    0x000000000001208c       0x22 CMakeFiles/Clock.dir/home/colinenck/CS/repos/Embedded-Software/pico/pico-sdk/src/rp2_common/pico_bit_ops/bit_ops_aeabi.S.obj
 .debug_info    0x00000000000120ae      0x258 CMakeFiles/Clock.dir/home/colinenck/CS/repos/Embedded-Software/pico/pico-sdk/src/rp2_common/pico_bootrom/bootrom.c.obj
 .debug_info    0x0000000000012306       0x22 CMakeFiles/Clock.dir/home/colinenck/CS/repos/Embedded-Software/pico/pico-sdk/src/rp2_common/pico_divider/divider.S.obj
 .debug_info    0x0000000000012328       0x22 CMakeFiles/Clock.dir/home/colinenck/CS/repos/Embedded-Software/pico/pico-sdk/src/rp2_common/pico_double/double_aeabi.S.obj
 .debug_info    0x000000000001234a      0x2a1 CMakeFiles/Clock.dir/home/colinenck/CS/repos/Embedded-Software/pico/pico-sdk/src/rp2_common/pico_double/double_init_rom.c.obj
 .debug_info    0x00000000000125eb       0x22 CMakeFiles/Clock.dir/home/colinenck/CS/repos/Embedded-Software/pico/pico-sdk/src/rp2_common/pico_double/double_v1_rom_shim.S.obj
 .debug_info    0x000000000001260d       0x26 CMakeFiles/Clock.dir/home/colinenck/CS/repos/Embedded-Software/pico/pico-sdk/src/rp2_common/pico_int64_ops/pico_int64_ops_aeabi.S.obj
 .debug_info    0x0000000000012633       0x22 CMakeFiles/Clock.dir/home/colinenck/CS/repos/Embedded-Software/pico/pico-sdk/src/rp2_common/pico_float/float_aeabi.S.obj
 .debug_info    0x0000000000012655      0x2bb CMakeFiles/Clock.dir/home/colinenck/CS/repos/Embedded-Software/pico/pico-sdk/src/rp2_common/pico_float/float_init_rom.c.obj
 .debug_info    0x0000000000012910       0x22 CMakeFiles/Clock.dir/home/colinenck/CS/repos/Embedded-Software/pico/pico-sdk/src/rp2_common/pico_float/float_v1_rom_shim.S.obj
 .debug_info    0x0000000000012932       0x22 CMakeFiles/Clock.dir/home/colinenck/CS/repos/Embedded-Software/pico/pico-sdk/src/rp2_common/pico_mem_ops/mem_ops_aeabi.S.obj
 .debug_info    0x0000000000012954       0x22 CMakeFiles/Clock.dir/home/colinenck/CS/repos/Embedded-Software/pico/pico-sdk/src/rp2_common/pico_standard_link/crt0.S.obj
 .debug_info    0x0000000000012976      0x2f7 CMakeFiles/Clock.dir/home/colinenck/CS/repos/Embedded-Software/pico/pico-sdk/src/rp2_common/pico_standard_link/binary_info.c.obj
 .debug_info    0x0000000000012c6d     0x1805 CMakeFiles/Clock.dir/home/colinenck/CS/repos/Embedded-Software/pico/pico-sdk/src/rp2_common/pico_stdio/stdio.c.obj
 .debug_info    0x0000000000014472       0x26 /usr/lib/gcc/arm-none-eabi/10.3.1/thumb/v6-m/nofp/libgcc.a(_dvmd_tls.o)
 .debug_info    0x0000000000014498      0x92a /usr/lib/gcc/arm-none-eabi/10.3.1/../../../arm-none-eabi/lib/thumb/v6-m/nofp/libg.a(lib_a-impure.o)
 .debug_info    0x0000000000014dc2       0xee /usr/lib/gcc/arm-none-eabi/10.3.1/../../../arm-none-eabi/lib/thumb/v6-m/nofp/libg.a(lib_a-strlen-stub.o)
 .debug_info    0x0000000000014eb0      0x9b3 /usr/lib/gcc/arm-none-eabi/10.3.1/../../../arm-none-eabi/lib/thumb/v6-m/nofp/libg.a(lib_a-time.o)
 .debug_info    0x0000000000015863      0x9e5 /usr/lib/gcc/arm-none-eabi/10.3.1/../../../arm-none-eabi/lib/thumb/v6-m/nofp/libg.a(lib_a-gettimeofdayr.o)
 .debug_info    0x0000000000016248      0xbe1 /usr/lib/gcc/arm-none-eabi/10.3.1/../../../arm-none-eabi/lib/thumb/v6-m/nofp/libg.a(lib_a-reent.o)

.debug_abbrev   0x0000000000000000     0x454e
 .debug_abbrev  0x0000000000000000      0x2ad CMakeFiles/Clock.dir/Clock.c.obj
 .debug_abbrev  0x00000000000002ad      0x339 CMakeFiles/Clock.dir/home/colinenck/CS/repos/Embedded-Software/pico/pico-sdk/src/rp2_common/hardware_gpio/gpio.c.obj
 .debug_abbrev  0x00000000000005e6       0xeb CMakeFiles/Clock.dir/home/colinenck/CS/repos/Embedded-Software/pico/pico-sdk/src/rp2_common/pico_platform/platform.c.obj